Component: ARM Compiler 5.06 update 4 (build 422) Tool: armlink [4d35d2]

==============================================================================

Section Cross References

    startup_stm32l431xx.o(RESET) refers to startup_stm32l431xx.o(STACK) for __initial_sp
    startup_stm32l431xx.o(RESET) refers to startup_stm32l431xx.o(.text) for Reset_Handler
    startup_stm32l431xx.o(RESET) refers to stm32l4xx_it.o(i.NMI_Handler) for NMI_Handler
    startup_stm32l431xx.o(RESET) refers to stm32l4xx_it.o(i.HardFault_Handler) for HardFault_Handler
    startup_stm32l431xx.o(RESET) refers to stm32l4xx_it.o(i.MemManage_Handler) for MemManage_Handler
    startup_stm32l431xx.o(RESET) refers to stm32l4xx_it.o(i.BusFault_Handler) for BusFault_Handler
    startup_stm32l431xx.o(RESET) refers to stm32l4xx_it.o(i.UsageFault_Handler) for UsageFault_Handler
    startup_stm32l431xx.o(RESET) refers to stm32l4xx_it.o(i.SVC_Handler) for SVC_Handler
    startup_stm32l431xx.o(RESET) refers to stm32l4xx_it.o(i.DebugMon_Handler) for DebugMon_Handler
    startup_stm32l431xx.o(RESET) refers to stm32l4xx_it.o(i.PendSV_Handler) for PendSV_Handler
    startup_stm32l431xx.o(RESET) refers to stm32l4xx_it.o(i.SysTick_Handler) for SysTick_Handler
    startup_stm32l431xx.o(RESET) refers to stm32l4xx_it.o(i.DMA1_Channel1_IRQHandler) for DMA1_Channel1_IRQHandler
    startup_stm32l431xx.o(RESET) refers to stm32l4xx_it.o(i.LPUART1_IRQHandler) for LPUART1_IRQHandler
    startup_stm32l431xx.o(.text) refers to system_stm32l4xx.o(i.SystemInit) for SystemInit
    startup_stm32l431xx.o(.text) refers to entry.o(.ARM.Collect$$$$00000000) for __main
    ds3232.o(i.ds3232_check_rtc_status) refers to ds3232.o(i.i2c_ds3232_read) for i2c_ds3232_read
    ds3232.o(i.ds3232_check_rtc_status) refers to ds3232.o(i.i2c_ds3232_write) for i2c_ds3232_write
    ds3232.o(i.ds3232_probe) refers to ds3232.o(i.ds3232_check_rtc_status) for ds3232_check_rtc_status
    ds3232.o(i.ds3232_read_regs) refers to gpio_i2c.o(i.i2c_start) for i2c_start
    ds3232.o(i.ds3232_read_regs) refers to gpio_i2c.o(i.i2c_sendbyte) for i2c_sendbyte
    ds3232.o(i.ds3232_read_regs) refers to gpio_i2c.o(i.i2c_waitack) for i2c_waitack
    ds3232.o(i.ds3232_read_regs) refers to gpio_i2c.o(i.i2c_stop) for i2c_stop
    ds3232.o(i.ds3232_read_regs) refers to gpio_i2c.o(i.i2c_readbyte) for i2c_readbyte
    ds3232.o(i.ds3232_read_regs) refers to gpio_i2c.o(i.i2c_ack) for i2c_ack
    ds3232.o(i.ds3232_read_regs) refers to gpio_i2c.o(i.i2c_nack) for i2c_nack
    ds3232.o(i.ds3232_read_time) refers to ds3232.o(i.i2c_bulk_read) for i2c_bulk_read
    ds3232.o(i.ds3232_read_time) refers to ds3232.o(i.bcd2bin) for bcd2bin
    ds3232.o(i.ds3232_reset_flow) refers to stm32l4xx_hal_gpio.o(i.HAL_GPIO_WritePin) for HAL_GPIO_WritePin
    ds3232.o(i.ds3232_reset_flow) refers to stm32l4xx_hal.o(i.HAL_Delay) for HAL_Delay
    ds3232.o(i.ds3232_set_time) refers to ds3232.o(i.bin2bcd) for bin2bcd
    ds3232.o(i.ds3232_set_time) refers to ds3232.o(i.i2c_bulk_write) for i2c_bulk_write
    ds3232.o(i.ds3232_write_regs) refers to gpio_i2c.o(i.i2c_stop) for i2c_stop
    ds3232.o(i.ds3232_write_regs) refers to gpio_i2c.o(i.i2c_start) for i2c_start
    ds3232.o(i.ds3232_write_regs) refers to gpio_i2c.o(i.i2c_sendbyte) for i2c_sendbyte
    ds3232.o(i.ds3232_write_regs) refers to gpio_i2c.o(i.i2c_waitack) for i2c_waitack
    ds3232.o(i.i2c_bulk_read) refers to ds3232.o(i.i2c_ds3232_read) for i2c_ds3232_read
    ds3232.o(i.i2c_bulk_read) refers to stm32l4xx_hal.o(i.HAL_Delay) for HAL_Delay
    ds3232.o(i.i2c_bulk_write) refers to ds3232.o(i.i2c_ds3232_write) for i2c_ds3232_write
    ds3232.o(i.i2c_ds3232_read) refers to ds3232.o(i.ds3232_read_regs) for ds3232_read_regs
    ds3232.o(i.i2c_ds3232_write) refers to ds3232.o(i.ds3232_write_regs) for ds3232_write_regs
    gpio_i2c.o(i.i2c_ack) refers to gpio_i2c.o(i.i2c_sda_set) for i2c_sda_set
    gpio_i2c.o(i.i2c_ack) refers to gpio_i2c.o(i.i2c_delay) for i2c_delay
    gpio_i2c.o(i.i2c_ack) refers to gpio_i2c.o(i.i2c_scl_set) for i2c_scl_set
    gpio_i2c.o(i.i2c_gpio_mode_init) refers to gpio_i2c.o(i.i2c_scl_set) for i2c_scl_set
    gpio_i2c.o(i.i2c_gpio_mode_init) refers to gpio_i2c.o(i.i2c_sda_set) for i2c_sda_set
    gpio_i2c.o(i.i2c_init) refers to stm32l4xx_hal_gpio.o(i.HAL_GPIO_WritePin) for HAL_GPIO_WritePin
    gpio_i2c.o(i.i2c_init) refers to stm32l4xx_hal_gpio.o(i.HAL_GPIO_Init) for HAL_GPIO_Init
    gpio_i2c.o(i.i2c_init) refers to gpio_i2c.o(i.i2c_stop) for i2c_stop
    gpio_i2c.o(i.i2c_nack) refers to gpio_i2c.o(i.i2c_sda_set) for i2c_sda_set
    gpio_i2c.o(i.i2c_nack) refers to gpio_i2c.o(i.i2c_delay) for i2c_delay
    gpio_i2c.o(i.i2c_nack) refers to gpio_i2c.o(i.i2c_scl_set) for i2c_scl_set
    gpio_i2c.o(i.i2c_powerup_recover) refers to gpio_i2c.o(i.i2c_gpio_mode_init) for i2c_gpio_mode_init
    gpio_i2c.o(i.i2c_powerup_recover) refers to gpio_i2c.o(i.i2c_recover_send_pulse) for i2c_recover_send_pulse
[...]
    Removing stm32l4xx_hal_adc_ex.o(i.HAL_ADCEx_EnableInjectedQueue), (48 bytes).
    Removing stm32l4xx_hal_adc_ex.o(i.HAL_ADCEx_EndOfSamplingCallback), (2 bytes).
    Removing stm32l4xx_hal_adc_ex.o(i.HAL_ADCEx_EnterADCDeepPowerDownMode), (40 bytes).
    Removing stm32l4xx_hal_adc_ex.o(i.HAL_ADCEx_InjectedConfigChannel), (1226 bytes).
    Removing stm32l4xx_hal_adc_ex.o(i.HAL_ADCEx_InjectedConvCpltCallback), (2 bytes).
    Removing stm32l4xx_hal_adc_ex.o(i.HAL_ADCEx_InjectedGetValue), (46 bytes).
    Removing stm32l4xx_hal_adc_ex.o(i.HAL_ADCEx_InjectedPollForConversion), (188 bytes).
    Removing stm32l4xx_hal_adc_ex.o(i.HAL_ADCEx_InjectedQueueOverflowCallback), (2 bytes).
    Removing stm32l4xx_hal_adc_ex.o(i.HAL_ADCEx_InjectedStart), (156 bytes).
    Removing stm32l4xx_hal_adc_ex.o(i.HAL_ADCEx_InjectedStart_IT), (220 bytes).
    Removing stm32l4xx_hal_adc_ex.o(i.HAL_ADCEx_InjectedStop), (88 bytes).
    Removing stm32l4xx_hal_adc_ex.o(i.HAL_ADCEx_InjectedStop_IT), (98 bytes).
    Removing stm32l4xx_hal_adc_ex.o(i.HAL_ADCEx_LevelOutOfWindow2Callback), (2 bytes).
    Removing stm32l4xx_hal_adc_ex.o(i.HAL_ADCEx_LevelOutOfWindow3Callback), (2 bytes).
    Removing stm32l4xx_hal_adc_ex.o(i.HAL_ADCEx_RegularStop), (96 bytes).
    Removing stm32l4xx_hal_adc_ex.o(i.HAL_ADCEx_RegularStop_DMA), (144 bytes).
    Removing stm32l4xx_hal_adc_ex.o(i.HAL_ADCEx_RegularStop_IT), (106 bytes).
    Removing stm32l4xx_hal_adc_ex.o(i.LL_ADC_GetOffsetChannel), (12 bytes).
    Removing stm32l4xx_hal_adc_ex.o(i.LL_ADC_INJ_IsConversionOngoing), (8 bytes).
    Removing stm32l4xx_hal_adc_ex.o(i.LL_ADC_IsEnabled), (8 bytes).
    Removing stm32l4xx_hal_adc_ex.o(i.LL_ADC_REG_IsConversionOngoing), (8 bytes).
    Removing stm32l4xx_hal_adc_ex.o(i.LL_ADC_SetChannelSamplingTime), (30 bytes).
    Removing stm32l4xx_hal_adc_ex.o(i.LL_ADC_SetOffsetState), (16 bytes).
    Removing stm32l4xx_hal.o(.rev16_text), (4 bytes).
    Removing stm32l4xx_hal.o(.revsh_text), (4 bytes).
    Removing stm32l4xx_hal.o(.rrx_text), (6 bytes).
    Removing stm32l4xx_hal.o(i.HAL_DBGMCU_DisableDBGSleepMode), (16 bytes).
    Removing stm32l4xx_hal.o(i.HAL_DBGMCU_DisableDBGStandbyMode), (16 bytes).
    Removing stm32l4xx_hal.o(i.HAL_DBGMCU_DisableDBGStopMode), (16 bytes).
    Removing stm32l4xx_hal.o(i.HAL_DBGMCU_EnableDBGSleepMode), (16 bytes).
    Removing stm32l4xx_hal.o(i.HAL_DBGMCU_EnableDBGStandbyMode), (16 bytes).
    Removing stm32l4xx_hal.o(i.HAL_DBGMCU_EnableDBGStopMode), (16 bytes).
    Removing stm32l4xx_hal.o(i.HAL_DeInit), (48 bytes).
    Removing stm32l4xx_hal.o(i.HAL_Delay), (36 bytes).
    Removing stm32l4xx_hal.o(i.HAL_GetDEVID), (16 bytes).
    Removing stm32l4xx_hal.o(i.HAL_GetHalVersion), (8 bytes).
    Removing stm32l4xx_hal.o(i.HAL_GetREVID), (12 bytes).
    Removing stm32l4xx_hal.o(i.HAL_GetTickFreq), (12 bytes).
    Removing stm32l4xx_hal.o(i.HAL_GetTickPrio), (12 bytes).
    Removing stm32l4xx_hal.o(i.HAL_GetUIDw0), (12 bytes).
    Removing stm32l4xx_hal.o(i.HAL_GetUIDw1), (12 bytes).
    Removing stm32l4xx_hal.o(i.HAL_GetUIDw2), (12 bytes).
    Removing stm32l4xx_hal.o(i.HAL_MspDeInit), (2 bytes).
    Removing stm32l4xx_hal.o(i.HAL_MspInit), (2 bytes).
    Removing stm32l4xx_hal.o(i.HAL_ResumeTick), (14 bytes).
    Removing stm32l4xx_hal.o(i.HAL_SYSCFG_DisableIOAnalogSwitchBooster), (16 bytes).
    Removing stm32l4xx_hal.o(i.HAL_SYSCFG_DisableMemorySwappingBank), (12 bytes).
    Removing stm32l4xx_hal.o(i.HAL_SYSCFG_DisableVREFBUF), (16 bytes).
    Removing stm32l4xx_hal.o(i.HAL_SYSCFG_EnableIOAnalogSwitchBooster), (16 bytes).
    Removing stm32l4xx_hal.o(i.HAL_SYSCFG_EnableMemorySwappingBank), (12 bytes).
    Removing stm32l4xx_hal.o(i.HAL_SYSCFG_EnableVREFBUF), (48 bytes).
    Removing stm32l4xx_hal.o(i.HAL_SYSCFG_SRAM2Erase), (28 bytes).
    Removing stm32l4xx_hal.o(i.HAL_SYSCFG_VREFBUF_HighImpedanceConfig), (20 bytes).
    Removing stm32l4xx_hal.o(i.HAL_SYSCFG_VREFBUF_TrimmingConfig), (20 bytes).
    Removing stm32l4xx_hal.o(i.HAL_SYSCFG_VREFBUF_VoltageScalingConfig), (20 bytes).
    Removing stm32l4xx_hal.o(i.HAL_SetTickFreq), (36 bytes).
    Removing stm32l4xx_hal.o(i.HAL_SuspendTick), (14 bytes).
    Removing stm32l4xx_hal_rcc.o(.rev16_text), (4 bytes).
    Removing stm32l4xx_hal_rcc.o(.revsh_text), (4 bytes).
    Removing stm32l4xx_hal_rcc.o(.rrx_text), (6 bytes).
    Removing stm32l4xx_hal_rcc.o(i.HAL_RCC_CSSCallback), (2 bytes).
    Removing stm32l4xx_hal_rcc.o(i.HAL_RCC_DeInit), (224 bytes).
    Removing stm32l4xx_hal_rcc.o(i.HAL_RCC_EnableCSS), (16 bytes).
    Removing stm32l4xx_hal_rcc.o(i.HAL_RCC_GetClockConfig), (60 bytes).
    Removing stm32l4xx_hal_rcc.o(i.HAL_RCC_GetOscConfig), (232 bytes).
    Removing stm32l4xx_hal_rcc.o(i.HAL_RCC_GetResetSource), (24 bytes).
    Removing stm32l4xx_hal_rcc.o(i.HAL_RCC_MCOConfig), (72 bytes).
    Removing stm32l4xx_hal_rcc.o(i.HAL_RCC_NMI_IRQHandler), (24 bytes).
    Removing stm32l4xx_hal_rcc_ex.o(.rev16_text), (4 bytes).
    Removing stm32l4xx_hal_rcc_ex.o(.revsh_text), (4 bytes).
    Removing stm32l4xx_hal_rcc_ex.o(.rrx_text), (6 bytes).
    Removing stm32l4xx_hal_rcc_ex.o(i.HAL_RCCEx_CRSConfig), (76 bytes).
    Removing stm32l4xx_hal_rcc_ex.o(i.HAL_RCCEx_CRSGetSynchronizationInfo), (36 bytes).
    Removing stm32l4xx_hal_rcc_ex.o(i.HAL_RCCEx_CRSSoftwareSynchronizationGenerate), (16 bytes).
    Removing stm32l4xx_hal_rcc_ex.o(i.HAL_RCCEx_CRSWaitSynchronization), (128 bytes).
    Removing stm32l4xx_hal_rcc_ex.o(i.HAL_RCCEx_CRS_ErrorCallback), (2 bytes).
    Removing stm32l4xx_hal_rcc_ex.o(i.HAL_RCCEx_CRS_ExpectedSyncCallback), (2 bytes).
    Removing stm32l4xx_hal_rcc_ex.o(i.HAL_RCCEx_CRS_IRQHandler), (108 bytes).
    Removing stm32l4xx_hal_rcc_ex.o(i.HAL_RCCEx_CRS_SyncOkCallback), (2 bytes).
    Removing stm32l4xx_hal_rcc_ex.o(i.HAL_RCCEx_CRS_SyncWarnCallback), (2 bytes).
    Removing stm32l4xx_hal_rcc_ex.o(i.HAL_RCCEx_DisableLSCO), (88 bytes).
    Removing stm32l4xx_hal_rcc_ex.o(i.HAL_RCCEx_DisableLSECSS), (24 bytes).
    Removing stm32l4xx_hal_rcc_ex.o(i.HAL_RCCEx_DisableMSIPLLMode), (16 bytes).
    Removing stm32l4xx_hal_rcc_ex.o(i.HAL_RCCEx_DisablePLLSAI1), (76 bytes).
    Removing stm32l4xx_hal_rcc_ex.o(i.HAL_RCCEx_EnableLSCO), (144 bytes).
    Removing stm32l4xx_hal_rcc_ex.o(i.HAL_RCCEx_EnableLSECSS), (16 bytes).
    Removing stm32l4xx_hal_rcc_ex.o(i.HAL_RCCEx_EnableLSECSS_IT), (52 bytes).
    Removing stm32l4xx_hal_rcc_ex.o(i.HAL_RCCEx_EnableMSIPLLMode), (16 bytes).
    Removing stm32l4xx_hal_rcc_ex.o(i.HAL_RCCEx_EnablePLLSAI1), (152 bytes).
    Removing stm32l4xx_hal_rcc_ex.o(i.HAL_RCCEx_GetPeriphCLKConfig), (204 bytes).
    Removing stm32l4xx_hal_rcc_ex.o(i.HAL_RCCEx_GetPeriphCLKFreq), (1340 bytes).
    Removing stm32l4xx_hal_rcc_ex.o(i.HAL_RCCEx_LSECSS_Callback), (2 bytes).
    Removing stm32l4xx_hal_rcc_ex.o(i.HAL_RCCEx_LSECSS_IRQHandler), (24 bytes).
    Removing stm32l4xx_hal_rcc_ex.o(i.HAL_RCCEx_StandbyMSIRangeConfig), (20 bytes).
    Removing stm32l4xx_hal_rcc_ex.o(i.HAL_RCCEx_WakeUpStopCLKConfig), (20 bytes).
    Removing stm32l4xx_hal_rcc_ex.o(i.RCCEx_GetSAIxPeriphCLKFreq), (196 bytes).
    Removing stm32l4xx_hal_flash.o(.rev16_text), (4 bytes).
    Removing stm32l4xx_hal_flash.o(.revsh_text), (4 bytes).
    Removing stm32l4xx_hal_flash.o(.rrx_text), (6 bytes).
    Removing stm32l4xx_hal_flash.o(i.HAL_FLASH_EndOfOperationCallback), (2 bytes).
    Removing stm32l4xx_hal_flash.o(i.HAL_FLASH_GetError), (12 bytes).
    Removing stm32l4xx_hal_flash.o(i.HAL_FLASH_IRQHandler), (256 bytes).
    Removing stm32l4xx_hal_flash.o(i.HAL_FLASH_OB_Launch), (24 bytes).
    Removing stm32l4xx_hal_flash.o(i.HAL_FLASH_OB_Lock), (20 bytes).
    Removing stm32l4xx_hal_flash.o(i.HAL_FLASH_OB_Unlock), (36 bytes).
    Removing stm32l4xx_hal_flash.o(i.HAL_FLASH_OperationErrorCallback), (2 bytes).
    Removing stm32l4xx_hal_flash.o(i.HAL_FLASH_Program_IT), (124 bytes).
    Removing stm32l4xx_hal_flash_ex.o(.rev16_text), (4 bytes).
    Removing stm32l4xx_hal_flash_ex.o(.revsh_text), (4 bytes).
    Removing stm32l4xx_hal_flash_ex.o(.rrx_text), (6 bytes).
    Removing stm32l4xx_hal_flash_ex.o(i.FLASH_OB_GetPCROP), (60 bytes).
    Removing stm32l4xx_hal_flash_ex.o(i.FLASH_OB_GetRDP), (28 bytes).
    Removing stm32l4xx_hal_flash_ex.o(i.FLASH_OB_GetUser), (16 bytes).
    Removing stm32l4xx_hal_flash_ex.o(i.FLASH_OB_GetWRP), (52 bytes).
    Removing stm32l4xx_hal_flash_ex.o(i.FLASH_OB_PCROPConfig), (104 bytes).
    Removing stm32l4xx_hal_flash_ex.o(i.FLASH_OB_RDPConfig), (60 bytes).
    Removing stm32l4xx_hal_flash_ex.o(i.FLASH_OB_UserConfig), (248 bytes).
    Removing stm32l4xx_hal_flash_ex.o(i.FLASH_OB_WRPConfig), (92 bytes).
    Removing stm32l4xx_hal_flash_ex.o(i.HAL_FLASHEx_Erase_IT), (144 bytes).
    Removing stm32l4xx_hal_flash_ex.o(i.HAL_FLASHEx_OBGetConfig), (76 bytes).
    Removing stm32l4xx_hal_flash_ex.o(i.HAL_FLASHEx_OBProgram), (116 bytes).
    Removing stm32l4xx_hal_flash_ramfunc.o(.rev16_text), (4 bytes).
    Removing stm32l4xx_hal_flash_ramfunc.o(.revsh_text), (4 bytes).
    Removing stm32l4xx_hal_flash_ramfunc.o(.rrx_text), (6 bytes).
    Removing stm32l4xx_hal_flash_ramfunc.o(i.HAL_FLASHEx_DisableRunPowerDown), (36 bytes).
    Removing stm32l4xx_hal_flash_ramfunc.o(i.HAL_FLASHEx_EnableRunPowerDown), (36 bytes).
    Removing stm32l4xx_hal_gpio.o(.rev16_text), (4 bytes).
    Removing stm32l4xx_hal_gpio.o(.revsh_text), (4 bytes).
    Removing stm32l4xx_hal_gpio.o(.rrx_text), (6 bytes).
    Removing stm32l4xx_hal_gpio.o(i.HAL_GPIO_DeInit), (246 bytes).
    Removing stm32l4xx_hal_gpio.o(i.HAL_GPIO_EXTI_Callback), (2 bytes).
    Removing stm32l4xx_hal_gpio.o(i.HAL_GPIO_EXTI_IRQHandler), (24 bytes).
    Removing stm32l4xx_hal_gpio.o(i.HAL_GPIO_LockPin), (36 bytes).
    Removing stm32l4xx_hal_i2c.o(.rev16_text), (4 bytes).
    Removing stm32l4xx_hal_i2c.o(.revsh_text), (4 bytes).
    Removing stm32l4xx_hal_i2c.o(.rrx_text), (6 bytes).
    Removing stm32l4xx_hal_i2c_ex.o(.rev16_text), (4 bytes).
    Removing stm32l4xx_hal_i2c_ex.o(.revsh_text), (4 bytes).
    Removing stm32l4xx_hal_i2c_ex.o(.rrx_text), (6 bytes).
    Removing stm32l4xx_hal_dma.o(.rev16_text), (4 bytes).
    Removing stm32l4xx_hal_dma.o(.revsh_text), (4 bytes).
    Removing stm32l4xx_hal_dma.o(.rrx_text), (6 bytes).
    Removing stm32l4xx_hal_dma.o(i.DMA_SetConfig), (48 bytes).
    Removing stm32l4xx_hal_dma.o(i.HAL_DMA_Abort), (74 bytes).
    Removing stm32l4xx_hal_dma.o(i.HAL_DMA_Abort_IT), (78 bytes).
    Removing stm32l4xx_hal_dma.o(i.HAL_DMA_DeInit), (168 bytes).
    Removing stm32l4xx_hal_dma.o(i.HAL_DMA_GetError), (4 bytes).
    Removing stm32l4xx_hal_dma.o(i.HAL_DMA_GetState), (6 bytes).
    Removing stm32l4xx_hal_dma.o(i.HAL_DMA_PollForTransfer), (252 bytes).
    Removing stm32l4xx_hal_dma.o(i.HAL_DMA_RegisterCallback), (76 bytes).
    Removing stm32l4xx_hal_dma.o(i.HAL_DMA_Start), (80 bytes).
    Removing stm32l4xx_hal_dma.o(i.HAL_DMA_Start_IT), (116 bytes).
    Removing stm32l4xx_hal_dma.o(i.HAL_DMA_UnRegisterCallback), (86 bytes).
    Removing stm32l4xx_hal_dma_ex.o(.rev16_text), (4 bytes).
    Removing stm32l4xx_hal_dma_ex.o(.revsh_text), (4 bytes).
    Removing stm32l4xx_hal_dma_ex.o(.rrx_text), (6 bytes).
    Removing stm32l4xx_hal_pwr.o(.rev16_text), (4 bytes).
    Removing stm32l4xx_hal_pwr.o(.revsh_text), (4 bytes).
    Removing stm32l4xx_hal_pwr.o(.rrx_text), (6 bytes).
    Removing stm32l4xx_hal_pwr.o(i.HAL_PWR_ConfigPVD), (128 bytes).
    Removing stm32l4xx_hal_pwr.o(i.HAL_PWR_DeInit), (24 bytes).
    Removing stm32l4xx_hal_pwr.o(i.HAL_PWR_DisableBkUpAccess), (16 bytes).
    Removing stm32l4xx_hal_pwr.o(i.HAL_PWR_DisablePVD), (16 bytes).
    Removing stm32l4xx_hal_pwr.o(i.HAL_PWR_DisableSEVOnPend), (16 bytes).
    Removing stm32l4xx_hal_pwr.o(i.HAL_PWR_DisableSleepOnExit), (16 bytes).
    Removing stm32l4xx_hal_pwr.o(i.HAL_PWR_DisableWakeUpPin), (20 bytes).
    Removing stm32l4xx_hal_pwr.o(i.HAL_PWR_EnableBkUpAccess), (16 bytes).
    Removing stm32l4xx_hal_pwr.o(i.HAL_PWR_EnablePVD), (16 bytes).
    Removing stm32l4xx_hal_pwr.o(i.HAL_PWR_EnableSEVOnPend), (16 bytes).
    Removing stm32l4xx_hal_pwr.o(i.HAL_PWR_EnableSleepOnExit), (16 bytes).
    Removing stm32l4xx_hal_pwr.o(i.HAL_PWR_EnterSLEEPMode), (72 bytes).
    Removing stm32l4xx_hal_pwr.o(i.HAL_PWR_EnterSTANDBYMode), (36 bytes).
    Removing stm32l4xx_hal_pwr.o(i.HAL_PWR_EnterSTOPMode), (18 bytes).
    Removing stm32l4xx_hal_pwr.o(i.HAL_PWR_PVDCallback), (2 bytes).
    Removing stm32l4xx_hal_pwr_ex.o(.rev16_text), (4 bytes).
    Removing stm32l4xx_hal_pwr_ex.o(.revsh_text), (4 bytes).
    Removing stm32l4xx_hal_pwr_ex.o(.rrx_text), (6 bytes).
    Removing stm32l4xx_hal_pwr_ex.o(i.HAL_PWREx_ConfigPVM), (216 bytes).
    Removing stm32l4xx_hal_pwr_ex.o(i.HAL_PWREx_DisableBatteryCharging), (16 bytes).
    Removing stm32l4xx_hal_pwr_ex.o(i.HAL_PWREx_DisableGPIOPullDown), (92 bytes).
    Removing stm32l4xx_hal_pwr_ex.o(i.HAL_PWREx_DisableGPIOPullUp), (88 bytes).
    Removing stm32l4xx_hal_pwr_ex.o(i.HAL_PWREx_DisableInternalWakeUpLine), (16 bytes).
    Removing stm32l4xx_hal_pwr_ex.o(i.HAL_PWREx_DisableLowPowerRunMode), (68 bytes).
    Removing stm32l4xx_hal_pwr_ex.o(i.HAL_PWREx_DisablePVM3), (16 bytes).
    Removing stm32l4xx_hal_pwr_ex.o(i.HAL_PWREx_DisablePVM4), (16 bytes).
    Removing stm32l4xx_hal_pwr_ex.o(i.HAL_PWREx_DisablePullUpPullDownConfig), (16 bytes).
    Removing stm32l4xx_hal_pwr_ex.o(i.HAL_PWREx_DisableSRAM2ContentRetention), (6 bytes).
    Removing stm32l4xx_hal_pwr_ex.o(i.HAL_PWREx_EnableBatteryCharging), (28 bytes).
    Removing stm32l4xx_hal_pwr_ex.o(i.HAL_PWREx_EnableGPIOPullDown), (132 bytes).
    Removing stm32l4xx_hal_pwr_ex.o(i.HAL_PWREx_EnableGPIOPullUp), (132 bytes).
    Removing stm32l4xx_hal_pwr_ex.o(i.HAL_PWREx_EnableInternalWakeUpLine), (16 bytes).
    Removing stm32l4xx_hal_pwr_ex.o(i.HAL_PWREx_EnableLowPowerRunMode), (16 bytes).
    Removing stm32l4xx_hal_pwr_ex.o(i.HAL_PWREx_EnablePVM3), (16 bytes).
    Removing stm32l4xx_hal_pwr_ex.o(i.HAL_PWREx_EnablePVM4), (16 bytes).
    Removing stm32l4xx_hal_pwr_ex.o(i.HAL_PWREx_EnablePullUpPullDownConfig), (16 bytes).
    Removing stm32l4xx_hal_pwr_ex.o(i.HAL_PWREx_EnableSRAM2ContentRetention), (8 bytes).
    Removing stm32l4xx_hal_pwr_ex.o(i.HAL_PWREx_EnterSHUTDOWNMode), (36 bytes).
    Removing stm32l4xx_hal_pwr_ex.o(i.HAL_PWREx_EnterSTOP0Mode), (52 bytes).
    Removing stm32l4xx_hal_pwr_ex.o(i.HAL_PWREx_EnterSTOP1Mode), (56 bytes).
    Removing stm32l4xx_hal_pwr_ex.o(i.HAL_PWREx_EnterSTOP2Mode), (56 bytes).
    Removing stm32l4xx_hal_pwr_ex.o(i.HAL_PWREx_PVD_PVM_IRQHandler), (60 bytes).
    Removing stm32l4xx_hal_pwr_ex.o(i.HAL_PWREx_PVM3Callback), (2 bytes).
    Removing stm32l4xx_hal_pwr_ex.o(i.HAL_PWREx_PVM4Callback), (2 bytes).
    Removing stm32l4xx_hal_pwr_ex.o(i.HAL_PWREx_SetSRAM2ContentRetention), (44 bytes).
    Removing stm32l4xx_hal_cortex.o(.rev16_text), (4 bytes).
    Removing stm32l4xx_hal_cortex.o(.revsh_text), (4 bytes).
    Removing stm32l4xx_hal_cortex.o(.rrx_text), (6 bytes).
    Removing stm32l4xx_hal_cortex.o(i.HAL_MPU_ConfigRegion), (84 bytes).
    Removing stm32l4xx_hal_cortex.o(i.HAL_MPU_Disable), (16 bytes).
    Removing stm32l4xx_hal_cortex.o(i.HAL_MPU_DisableRegion), (24 bytes).
    Removing stm32l4xx_hal_cortex.o(i.HAL_MPU_Enable), (24 bytes).
    Removing stm32l4xx_hal_cortex.o(i.HAL_MPU_EnableRegion), (24 bytes).
    Removing stm32l4xx_hal_cortex.o(i.HAL_NVIC_ClearPendingIRQ), (26 bytes).
    Removing stm32l4xx_hal_cortex.o(i.HAL_NVIC_DisableIRQ), (34 bytes).
    Removing stm32l4xx_hal_cortex.o(i.HAL_NVIC_GetActive), (40 bytes).
    Removing stm32l4xx_hal_cortex.o(i.HAL_NVIC_GetPendingIRQ), (40 bytes).
    Removing stm32l4xx_hal_cortex.o(i.HAL_NVIC_GetPriority), (86 bytes).
    Removing stm32l4xx_hal_cortex.o(i.HAL_NVIC_GetPriorityGrouping), (16 bytes).
    Removing stm32l4xx_hal_cortex.o(i.HAL_NVIC_SetPendingIRQ), (26 bytes).
    Removing stm32l4xx_hal_cortex.o(i.HAL_NVIC_SystemReset), (36 bytes).
    Removing stm32l4xx_hal_cortex.o(i.HAL_SYSTICK_CLKSourceConfig), (28 bytes).
    Removing stm32l4xx_hal_cortex.o(i.HAL_SYSTICK_Callback), (2 bytes).
    Removing stm32l4xx_hal_cortex.o(i.HAL_SYSTICK_IRQHandler), (8 bytes).
    Removing stm32l4xx_hal_exti.o(.rev16_text), (4 bytes).
    Removing stm32l4xx_hal_exti.o(.revsh_text), (4 bytes).
    Removing stm32l4xx_hal_exti.o(.rrx_text), (6 bytes).
    Removing stm32l4xx_hal_exti.o(i.HAL_EXTI_ClearConfigLine), (132 bytes).
    Removing stm32l4xx_hal_exti.o(i.HAL_EXTI_ClearPending), (28 bytes).
    Removing stm32l4xx_hal_exti.o(i.HAL_EXTI_GenerateSWI), (28 bytes).
    Removing stm32l4xx_hal_exti.o(i.HAL_EXTI_GetConfigLine), (164 bytes).
    Removing stm32l4xx_hal_exti.o(i.HAL_EXTI_GetHandle), (14 bytes).
    Removing stm32l4xx_hal_exti.o(i.HAL_EXTI_GetPending), (32 bytes).
    Removing stm32l4xx_hal_exti.o(i.HAL_EXTI_IRQHandler), (44 bytes).
    Removing stm32l4xx_hal_exti.o(i.HAL_EXTI_RegisterCallback), (16 bytes).
    Removing stm32l4xx_hal_exti.o(i.HAL_EXTI_SetConfigLine), (180 bytes).
    Removing stm32l4xx_hal_uart.o(.rev16_text), (4 bytes).
    Removing stm32l4xx_hal_uart.o(.revsh_text), (4 bytes).
    Removing stm32l4xx_hal_uart.o(.rrx_text), (6 bytes).
    Removing stm32l4xx_hal_uart.o(i.HAL_HalfDuplex_EnableReceiver), (72 bytes).
    Removing stm32l4xx_hal_uart.o(i.HAL_HalfDuplex_EnableTransmitter), (72 bytes).
    Removing stm32l4xx_hal_uart.o(i.HAL_HalfDuplex_Init), (118 bytes).
    Removing stm32l4xx_hal_uart.o(i.HAL_LIN_Init), (150 bytes).
    Removing stm32l4xx_hal_uart.o(i.HAL_LIN_SendBreak), (46 bytes).
    Removing stm32l4xx_hal_uart.o(i.HAL_MultiProcessor_DisableMuteMode), (48 bytes).
    Removing stm32l4xx_hal_uart.o(i.HAL_MultiProcessor_EnableMuteMode), (48 bytes).
    Removing stm32l4xx_hal_uart.o(i.HAL_MultiProcessor_EnterMuteMode), (12 bytes).
    Removing stm32l4xx_hal_uart.o(i.HAL_MultiProcessor_Init), (142 bytes).
    Removing stm32l4xx_hal_uart.o(i.HAL_UARTEx_RxEventCallback), (2 bytes).
    Removing stm32l4xx_hal_uart.o(i.HAL_UART_Abort), (234 bytes).
    Removing stm32l4xx_hal_uart.o(i.HAL_UART_AbortCpltCallback), (2 bytes).
    Removing stm32l4xx_hal_uart.o(i.HAL_UART_AbortReceive), (164 bytes).
    Removing stm32l4xx_hal_uart.o(i.HAL_UART_AbortReceiveCpltCallback), (2 bytes).
    Removing stm32l4xx_hal_uart.o(i.HAL_UART_AbortReceive_IT), (192 bytes).
    Removing stm32l4xx_hal_uart.o(i.HAL_UART_AbortTransmit), (98 bytes).
    Removing stm32l4xx_hal_uart.o(i.HAL_UART_AbortTransmitCpltCallback), (2 bytes).
    Removing stm32l4xx_hal_uart.o(i.HAL_UART_AbortTransmit_IT), (120 bytes).
    Removing stm32l4xx_hal_uart.o(i.HAL_UART_Abort_IT), (268 bytes).
    Removing stm32l4xx_hal_uart.o(i.HAL_UART_DMAPause), (114 bytes).
    Removing stm32l4xx_hal_uart.o(i.HAL_UART_DMAResume), (106 bytes).
    Removing stm32l4xx_hal_uart.o(i.HAL_UART_DMAStop), (152 bytes).
    Removing stm32l4xx_hal_uart.o(i.HAL_UART_DeInit), (64 bytes).
    Removing stm32l4xx_hal_uart.o(i.HAL_UART_DisableReceiverTimeout), (68 bytes).
    Removing stm32l4xx_hal_uart.o(i.HAL_UART_EnableReceiverTimeout), (68 bytes).
    Removing stm32l4xx_hal_uart.o(i.HAL_UART_ErrorCallback), (2 bytes).
    Removing stm32l4xx_hal_uart.o(i.HAL_UART_GetError), (6 bytes).
    Removing stm32l4xx_hal_uart.o(i.HAL_UART_GetState), (12 bytes).
    Removing stm32l4xx_hal_uart.o(i.HAL_UART_IRQHandler), (724 bytes).
    Removing stm32l4xx_hal_uart.o(i.HAL_UART_MspDeInit), (2 bytes).
    Removing stm32l4xx_hal_uart.o(i.HAL_UART_MspInit), (2 bytes).
    Removing stm32l4xx_hal_uart.o(i.HAL_UART_Receive), (246 bytes).
    Removing stm32l4xx_hal_uart.o(i.HAL_UART_Receive_DMA), (72 bytes).
    Removing stm32l4xx_hal_uart.o(i.HAL_UART_Receive_IT), (72 bytes).
    Removing stm32l4xx_hal_uart.o(i.HAL_UART_ReceiverTimeout_Config), (24 bytes).
    Removing stm32l4xx_hal_uart.o(i.HAL_UART_RxCpltCallback), (2 bytes).
    Removing stm32l4xx_hal_uart.o(i.HAL_UART_RxHalfCpltCallback), (2 bytes).
    Removing stm32l4xx_hal_uart.o(i.HAL_UART_Transmit), (182 bytes).
    Removing stm32l4xx_hal_uart.o(i.HAL_UART_Transmit_DMA), (140 bytes).
    Removing stm32l4xx_hal_uart.o(i.HAL_UART_Transmit_IT), (96 bytes).
    Removing stm32l4xx_hal_uart.o(i.HAL_UART_TxCpltCallback), (2 bytes).
    Removing stm32l4xx_hal_uart.o(i.HAL_UART_TxHalfCpltCallback), (2 bytes).
    Removing stm32l4xx_hal_uart.o(i.UART_DMAAbortOnError), (20 bytes).
    Removing stm32l4xx_hal_uart.o(i.UART_DMAError), (78 bytes).
    Removing stm32l4xx_hal_uart.o(i.UART_DMAReceiveCplt), (134 bytes).
    Removing stm32l4xx_hal_uart.o(i.UART_DMARxAbortCallback), (66 bytes).
    Removing stm32l4xx_hal_uart.o(i.UART_DMARxHalfCplt), (32 bytes).
    Removing stm32l4xx_hal_uart.o(i.UART_DMARxOnlyAbortCallback), (40 bytes).
    Removing stm32l4xx_hal_uart.o(i.UART_DMATransmitCplt), (66 bytes).
    Removing stm32l4xx_hal_uart.o(i.UART_DMATxAbortCallback), (54 bytes).
    Removing stm32l4xx_hal_uart.o(i.UART_DMATxHalfCplt), (10 bytes).
    Removing stm32l4xx_hal_uart.o(i.UART_DMATxOnlyAbortCallback), (20 bytes).
    Removing stm32l4xx_hal_uart.o(i.UART_EndTransmit_IT), (34 bytes).
    Removing stm32l4xx_hal_uart.o(i.UART_EndTxTransfer), (24 bytes).
    Removing stm32l4xx_hal_uart.o(i.UART_RxISR_16BIT), (200 bytes).
    Removing stm32l4xx_hal_uart.o(i.UART_RxISR_8BIT), (200 bytes).
    Removing stm32l4xx_hal_uart.o(i.UART_Start_Receive_DMA), (160 bytes).
    Removing stm32l4xx_hal_uart.o(i.UART_Start_Receive_IT), (200 bytes).
    Removing stm32l4xx_hal_uart.o(i.UART_TxISR_16BIT), (80 bytes).
    Removing stm32l4xx_hal_uart.o(i.UART_TxISR_8BIT), (76 bytes).
    Removing stm32l4xx_hal_uart_ex.o(.rev16_text), (4 bytes).
    Removing stm32l4xx_hal_uart_ex.o(.revsh_text), (4 bytes).
    Removing stm32l4xx_hal_uart_ex.o(.rrx_text), (6 bytes).
    Removing stm32l4xx_hal_uart_ex.o(i.HAL_MultiProcessorEx_AddressLength_Set), (48 bytes).
    Removing stm32l4xx_hal_uart_ex.o(i.HAL_RS485Ex_Init), (144 bytes).
    Removing stm32l4xx_hal_uart_ex.o(i.HAL_UARTEx_DisableClockStopMode), (48 bytes).
    Removing stm32l4xx_hal_uart_ex.o(i.HAL_UARTEx_DisableStopMode), (46 bytes).
    Removing stm32l4xx_hal_uart_ex.o(i.HAL_UARTEx_EnableClockStopMode), (48 bytes).
    Removing stm32l4xx_hal_uart_ex.o(i.HAL_UARTEx_EnableStopMode), (46 bytes).
    Removing stm32l4xx_hal_uart_ex.o(i.HAL_UARTEx_GetRxEventType), (4 bytes).
    Removing stm32l4xx_hal_uart_ex.o(i.HAL_UARTEx_ReceiveToIdle), (324 bytes).
    Removing stm32l4xx_hal_uart_ex.o(i.HAL_UARTEx_ReceiveToIdle_DMA), (82 bytes).
    Removing stm32l4xx_hal_uart_ex.o(i.HAL_UARTEx_ReceiveToIdle_IT), (78 bytes).
    Removing stm32l4xx_hal_uart_ex.o(i.HAL_UARTEx_StopModeWakeUpSourceConfig), (126 bytes).
    Removing stm32l4xx_hal_uart_ex.o(i.HAL_UARTEx_WakeupCallback), (2 bytes).
    Removing stm32l4xx_hal_uart_ex.o(i.UARTEx_Wakeup_AddressConfig), (34 bytes).
    Removing system_stm32l4xx.o(.rev16_text), (4 bytes).
    Removing system_stm32l4xx.o(.revsh_text), (4 bytes).
    Removing system_stm32l4xx.o(.rrx_text), (6 bytes).
    Removing system_stm32l4xx.o(i.SystemCoreClockUpdate), (172 bytes).
    Removing dmul.o(.text), (234 bytes).
    Removing ddiv.o(.text), (222 bytes).
    Removing dflti.o(.text), (34 bytes).
    Removing dfltui.o(.text), (26 bytes).
    Removing dfixui.o(.text), (50 bytes).
    Removing d2f.o(.text), (56 bytes).
    Removing fepilogue.o(.text), (110 bytes).
    Removing depilogue.o(.text), (186 bytes).

544 unused section(s) (total 32839 bytes) removed from the image.

==============================================================================

Image Symbol Table

    Local Symbols

    Symbol Name                              Value     Ov Type        Size  Object(Section)

    ../Core/Src/main.c                       0x00000000   Number         0  main.o ABSOLUTE
    ../Core/Src/stm32l4xx_hal_msp.c          0x00000000   Number         0  stm32l4xx_hal_msp.o ABSOLUTE
    ../Core/Src/stm32l4xx_it.c               0x00000000   Number         0  stm32l4xx_it.o ABSOLUTE
    ../Core/Src/system_stm32l4xx.c           0x00000000   Number         0  system_stm32l4xx.o ABSOLUTE
    ../Drivers/STM32L4xx_HAL_Driver/Src/stm32l4xx_hal.c 0x00000000   Number         0  stm32l4xx_hal.o ABSOLUTE
    ../Drivers/STM32L4xx_HAL_Driver/Src/stm32l4xx_hal_adc.c 0x00000000   Number         0  stm32l4xx_hal_adc.o ABSOLUTE
    ../Drivers/STM32L4xx_HAL_Driver/Src/stm32l4xx_hal_adc_ex.c 0x00000000   Number         0  stm32l4xx_hal_adc_ex.o ABSOLUTE
    ../Drivers/STM32L4xx_HAL_Driver/Src/stm32l4xx_hal_cortex.c 0x00000000   Number         0  stm32l4xx_hal_cortex.o ABSOLUTE
    ../Drivers/STM32L4xx_HAL_Driver/Src/stm32l4xx_hal_dma.c 0x00000000   Number         0  stm32l4xx_hal_dma.o ABSOLUTE
    ../Drivers/STM32L4xx_HAL_Driver/Src/stm32l4xx_hal_dma_ex.c 0x00000000   Number         0  stm32l4xx_hal_dma_ex.o ABSOLUTE
    ../Drivers/STM32L4xx_HAL_Driver/Src/stm32l4xx_hal_exti.c 0x00000000   Number         0  stm32l4xx_hal_exti.o ABSOLUTE
    ../Drivers/STM32L4xx_HAL_Driver/Src/stm32l4xx_hal_flash.c 0x00000000   Number         0  stm32l4xx_hal_flash.o ABSOLUTE
    ../Drivers/STM32L4xx_HAL_Driver/Src/stm32l4xx_hal_flash_ex.c 0x00000000   Number         0  stm32l4xx_hal_flash_ex.o ABSOLUTE
    ../Drivers/STM32L4xx_HAL_Driver/Src/stm32l4xx_hal_flash_ramfunc.c 0x00000000   Number         0  stm32l4xx_hal_flash_ramfunc.o ABSOLUTE
    ../Drivers/STM32L4xx_HAL_Driver/Src/stm32l4xx_hal_gpio.c 0x00000000   Number         0  stm32l4xx_hal_gpio.o ABSOLUTE
    ../Drivers/STM32L4xx_HAL_Driver/Src/stm32l4xx_hal_i2c.c 0x00000000   Number         0  stm32l4xx_hal_i2c.o ABSOLUTE
    ../Drivers/STM32L4xx_HAL_Driver/Src/stm32l4xx_hal_i2c_ex.c 0x00000000   Number         0  stm32l4xx_hal_i2c_ex.o ABSOLUTE
    ../Drivers/STM32L4xx_HAL_Driver/Src/stm32l4xx_hal_pwr.c 0x00000000   Number         0  stm32l4xx_hal_pwr.o ABSOLUTE
    ../Drivers/STM32L4xx_HAL_Driver/Src/stm32l4xx_hal_pwr_ex.c 0x00000000   Number         0  stm32l4xx_hal_pwr_ex.o ABSOLUTE
    ../Drivers/STM32L4xx_HAL_Driver/Src/stm32l4xx_hal_rcc.c 0x00000000   Number         0  stm32l4xx_hal_rcc.o ABSOLUTE
    ../Drivers/STM32L4xx_HAL_Driver/Src/stm32l4xx_hal_rcc_ex.c 0x00000000   Number         0  stm32l4xx_hal_rcc_ex.o ABSOLUTE
    ../Drivers/STM32L4xx_HAL_Driver/Src/stm32l4xx_hal_uart.c 0x00000000   Number         0  stm32l4xx_hal_uart.o ABSOLUTE
    ../Drivers/STM32L4xx_HAL_Driver/Src/stm32l4xx_hal_uart_ex.c 0x00000000   Number         0  stm32l4xx_hal_uart_ex.o ABSOLUTE
    ../clib/../cmprslib/zerorunl2.c          0x00000000   Number         0  __dczerorl2.o ABSOLUTE
    ../clib/microlib/division.c              0x00000000   Number         0  uldiv.o ABSOLUTE
    ../clib/microlib/init/entry.s            0x00000000   Number         0  entry7a.o ABSOLUTE
    ../clib/microlib/init/entry.s            0x00000000   Number         0  entry.o ABSOLUTE
    ../clib/microlib/init/entry.s            0x00000000   Number         0  entry5.o ABSOLUTE
    ../clib/microlib/init/entry.s            0x00000000   Number         0  entry2.o ABSOLUTE
    ../clib/microlib/init/entry.s            0x00000000   Number         0  entry11b.o ABSOLUTE
    ../clib/microlib/init/entry.s            0x00000000   Number         0  entry11a.o ABSOLUTE
    ../clib/microlib/init/entry.s            0x00000000   Number         0  entry9a.o ABSOLUTE
    ../clib/microlib/init/entry.s            0x00000000   Number         0  entry10b.o ABSOLUTE
    ../clib/microlib/init/entry.s            0x00000000   Number         0  entry10a.o ABSOLUTE
    ../clib/microlib/init/entry.s            0x00000000   Number         0  entry9b.o ABSOLUTE
    ../clib/microlib/init/entry.s            0x00000000   Number         0  entry8b.o ABSOLUTE
    ../clib/microlib/init/entry.s            0x00000000   Number         0  entry8a.o ABSOLUTE
    ../clib/microlib/init/entry.s            0x00000000   Number         0  entry7b.o ABSOLUTE
    ../clib/microlib/longlong.c              0x00000000   Number         0  llushr.o ABSOLUTE
    ../clib/microlib/longlong.c              0x00000000   Number         0  llshl.o ABSOLUTE
    ../clib/microlib/string/memcpy.c         0x00000000   Number         0  memcpyb.o ABSOLUTE
    ../clib/microlib/string/memcpy.c         0x00000000   Number         0  memcpya.o ABSOLUTE
    ../clib/microlib/string/memset.c         0x00000000   Number         0  memseta.o ABSOLUTE
    ../clib/microlib/stubs.s                 0x00000000   Number         0  iusefp.o ABSOLUTE
    ../fplib/microlib/d2f.c                  0x00000000   Number         0  d2f.o ABSOLUTE
    ../fplib/microlib/fpdiv.c                0x00000000   Number         0  ddiv.o ABSOLUTE
    ../fplib/microlib/fpepilogue.c           0x00000000   Number         0  fepilogue.o ABSOLUTE
    ../fplib/microlib/fpepilogue.c           0x00000000   Number         0  depilogue.o ABSOLUTE
    ../fplib/microlib/fpfix.c                0x00000000   Number         0  dfixui.o ABSOLUTE
    ../fplib/microlib/fpflt.c                0x00000000   Number         0  dfltui.o ABSOLUTE
    ../fplib/microlib/fpflt.c                0x00000000   Number         0  dflti.o ABSOLUTE
    ../fplib/microlib/fpmul.c                0x00000000   Number         0  dmul.o ABSOLUTE
    ..\Core\Src\CircularQueue.c              0x00000000   Number         0  circularqueue.o ABSOLUTE
    ..\Core\Src\Moving_Average_Filter.c      0x00000000   Number         0  moving_average_filter.o ABSOLUTE
    ..\Core\Src\app.c                        0x00000000   Number         0  app.o ABSOLUTE
    ..\Core\Src\bsp_hwdg.c                   0x00000000   Number         0  bsp_hwdg.o ABSOLUTE
    ..\Core\Src\button.c                     0x00000000   Number         0  button.o ABSOLUTE
    ..\Core\Src\crc.c                        0x00000000   Number         0  crc.o ABSOLUTE
    ..\Core\Src\ds2782e.c                    0x00000000   Number         0  ds2782e.o ABSOLUTE
    ..\Core\Src\ds3232.c                     0x00000000   Number         0  ds3232.o ABSOLUTE
    ..\Core\Src\gpio_i2c.c                   0x00000000   Number         0  gpio_i2c.o ABSOLUTE
    ..\Core\Src\interflash.c                 0x00000000   Number         0  interflash.o ABSOLUTE
    ..\Core\Src\interflash_test.c            0x00000000   Number         0  interflash_test.o ABSOLUTE
    ..\Core\Src\main.c                       0x00000000   Number         0  main.o ABSOLUTE
    ..\Core\Src\stm32l4xx_hal_msp.c          0x00000000   Number         0  stm32l4xx_hal_msp.o ABSOLUTE
    ..\Core\Src\stm32l4xx_it.c               0x00000000   Number         0  stm32l4xx_it.o ABSOLUTE
    ..\Core\Src\sw6301.c                     0x00000000   Number         0  sw6301.o ABSOLUTE
    ..\Core\Src\system_stm32l4xx.c           0x00000000   Number         0  system_stm32l4xx.o ABSOLUTE
    ..\Core\Src\uart_prot.c                  0x00000000   Number         0  uart_prot.o ABSOLUTE
    ..\Drivers\STM32L4xx_HAL_Driver\Src\stm32l4xx_hal.c 0x00000000   Number         0  stm32l4xx_hal.o ABSOLUTE
    ..\Drivers\STM32L4xx_HAL_Driver\Src\stm32l4xx_hal_adc.c 0x00000000   Number         0  stm32l4xx_hal_adc.o ABSOLUTE
    ..\Drivers\STM32L4xx_HAL_Driver\Src\stm32l4xx_hal_adc_ex.c 0x00000000   Number         0  stm32l4xx_hal_adc_ex.o ABSOLUTE
    ..\Drivers\STM32L4xx_HAL_Driver\Src\stm32l4xx_hal_cortex.c 0x00000000   Number         0  stm32l4xx_hal_cortex.o ABSOLUTE
    ..\Drivers\STM32L4xx_HAL_Driver\Src\stm32l4xx_hal_dma.c 0x00000000   Number         0  stm32l4xx_hal_dma.o ABSOLUTE
    ..\Drivers\STM32L4xx_HAL_Driver\Src\stm32l4xx_hal_dma_ex.c 0x00000000   Number         0  stm32l4xx_hal_dma_ex.o ABSOLUTE
    ..\Drivers\STM32L4xx_HAL_Driver\Src\stm32l4xx_hal_exti.c 0x00000000   Number         0  stm32l4xx_hal_exti.o ABSOLUTE
    ..\Drivers\STM32L4xx_HAL_Driver\Src\stm32l4xx_hal_flash.c 0x00000000   Number         0  stm32l4xx_hal_flash.o ABSOLUTE
    ..\Drivers\STM32L4xx_HAL_Driver\Src\stm32l4xx_hal_flash_ex.c 0x00000000   Number         0  stm32l4xx_hal_flash_ex.o ABSOLUTE
    ..\Drivers\STM32L4xx_HAL_Driver\Src\stm32l4xx_hal_flash_ramfunc.c 0x00000000   Number         0  stm32l4xx_hal_flash_ramfunc.o ABSOLUTE
    ..\Drivers\STM32L4xx_HAL_Driver\Src\stm32l4xx_hal_gpio.c 0x00000000   Number         0  stm32l4xx_hal_gpio.o ABSOLUTE
    ..\Drivers\STM32L4xx_HAL_Driver\Src\stm32l4xx_hal_i2c.c 0x00000000   Number         0  stm32l4xx_hal_i2c.o ABSOLUTE
    ..\Drivers\STM32L4xx_HAL_Driver\Src\stm32l4xx_hal_i2c_ex.c 0x00000000   Number         0  stm32l4xx_hal_i2c_ex.o ABSOLUTE
    ..\Drivers\STM32L4xx_HAL_Driver\Src\stm32l4xx_hal_pwr.c 0x00000000   Number         0  stm32l4xx_hal_pwr.o ABSOLUTE
    ..\Drivers\STM32L4xx_HAL_Driver\Src\stm32l4xx_hal_pwr_ex.c 0x00000000   Number         0  stm32l4xx_hal_pwr_ex.o ABSOLUTE
    ..\Drivers\STM32L4xx_HAL_Driver\Src\stm32l4xx_hal_rcc.c 0x00000000   Number         0  stm32l4xx_hal_rcc.o ABSOLUTE
    ..\Drivers\STM32L4xx_HAL_Driver\Src\stm32l4xx_hal_rcc_ex.c 0x00000000   Number         0  stm32l4xx_hal_rcc_ex.o ABSOLUTE
    ..\Drivers\STM32L4xx_HAL_Driver\Src\stm32l4xx_hal_uart.c 0x00000000   Number         0  stm32l4xx_hal_uart.o ABSOLUTE
    ..\Drivers\STM32L4xx_HAL_Driver\Src\stm32l4xx_hal_uart_ex.c 0x00000000   Number         0  stm32l4xx_hal_uart_ex.o ABSOLUTE
    ..\\Core\\Src\\CircularQueue.c           0x00000000   Number         0  circularqueue.o ABSOLUTE
    ..\\Core\\Src\\Moving_Average_Filter.c   0x00000000   Number         0  moving_average_filter.o ABSOLUTE
    ..\\Core\\Src\\app.c                     0x00000000   Number         0  app.o ABSOLUTE
    ..\\Core\\Src\\bsp_hwdg.c                0x00000000   Number         0  bsp_hwdg.o ABSOLUTE
    ..\\Core\\Src\\button.c                  0x00000000   Number         0  button.o ABSOLUTE
    ..\\Core\\Src\\crc.c                     0x00000000   Number         0  crc.o ABSOLUTE
    ..\\Core\\Src\\ds2782e.c                 0x00000000   Number         0  ds2782e.o ABSOLUTE
    ..\\Core\\Src\\ds3232.c                  0x00000000   Number         0  ds3232.o ABSOLUTE
    ..\\Core\\Src\\gpio_i2c.c                0x00000000   Number         0  gpio_i2c.o ABSOLUTE
    ..\\Core\\Src\\interflash.c              0x00000000   Number         0  interflash.o ABSOLUTE
    ..\\Core\\Src\\interflash_test.c         0x00000000   Number         0  interflash_test.o ABSOLUTE
    ..\\Core\\Src\\sw6301.c                  0x00000000   Number         0  sw6301.o ABSOLUTE
    ..\\Core\\Src\\uart_prot.c               0x00000000   Number         0  uart_prot.o ABSOLUTE
    dc.s                                     0x00000000   Number         0  dc.o ABSOLUTE
    handlers.s                               0x00000000   Number         0  handlers.o ABSOLUTE
    init.s                                   0x00000000   Number         0  init.o ABSOLUTE
    startup_stm32l431xx.s                    0x00000000   Number         0  startup_stm32l431xx.o ABSOLUTE
    RESET                                    0x08000000   Section      396  startup_stm32l431xx.o(RESET)
    .ARM.Collect$$$$00000000                 0x0800018c   Section        0  entry.o(.ARM.Collect$$$$00000000)
    .ARM.Collect$$$$00000001                 0x0800018c   Section        4  entry2.o(.ARM.Collect$$$$00000001)
    .ARM.Collect$$$$00000004                 0x08000190   Section        4  entry5.o(.ARM.Collect$$$$00000004)
    .ARM.Collect$$$$00000008                 0x08000194   Section        0  entry7b.o(.ARM.Collect$$$$00000008)
    .ARM.Collect$$$$0000000A                 0x08000194   Section        0  entry8b.o(.ARM.Collect$$$$0000000A)
    .ARM.Collect$$$$0000000B                 0x08000194   Section        8  entry9a.o(.ARM.Collect$$$$0000000B)
    .ARM.Collect$$$$0000000D                 0x0800019c   Section        0  entry10a.o(.ARM.Collect$$$$0000000D)
    .ARM.Collect$$$$0000000F                 0x0800019c   Section        0  entry11a.o(.ARM.Collect$$$$0000000F)
    .ARM.Collect$$$$00002712                 0x0800019c   Section        4  entry2.o(.ARM.Collect$$$$00002712)
    __lit__00000000                          0x0800019c   Data           4  entry2.o(.ARM.Collect$$$$00002712)
    .text                                    0x080001a0   Section       36  startup_stm32l431xx.o(.text)
    $v0                                      0x080001a0   Number         0  startup_stm32l431xx.o(.text)
    .text                                    0x080001c4   Section        0  uldiv.o(.text)
    .text                                    0x0800022c   Section        0  memcpya.o(.text)
    .text                                    0x08000250   Section        0  memseta.o(.text)
    .text                                    0x08000274   Section        0  llshl.o(.text)
    .text                                    0x08000292   Section        0  llushr.o(.text)
    .text                                    0x080002b4   Section       36  init.o(.text)
    .text                                    0x080002d8   Section        0  __dczerorl2.o(.text)
    i.API_WatchDog_Enable                    0x08000330   Section        0  bsp_hwdg.o(i.API_WatchDog_Enable)
    i.API_WatchDog_FeedDog                   0x08000378   Section        0  bsp_hwdg.o(i.API_WatchDog_FeedDog)
    i.BusFault_Handler                       0x0800038c   Section        0  stm32l4xx_it.o(i.BusFault_Handler)
    i.DMA1_Channel1_IRQHandler               0x08000390   Section        0  stm32l4xx_it.o(i.DMA1_Channel1_IRQHandler)
    i.DebugMon_Handler                       0x0800039c   Section        0  stm32l4xx_it.o(i.DebugMon_Handler)
    i.Error_Handler                          0x0800039e   Section        0  main.o(i.Error_Handler)
    i.FLASH_FlushCaches                      0x080003a4   Section        0  stm32l4xx_hal_flash_ex.o(i.FLASH_FlushCaches)
    i.FLASH_If_Read                          0x08000400   Section        0  interflash.o(i.FLASH_If_Read)
    i.FLASH_MassErase                        0x0800041c   Section        0  stm32l4xx_hal_flash_ex.o(i.FLASH_MassErase)
    FLASH_MassErase                          0x0800041d   Thumb Code    24  stm32l4xx_hal_flash_ex.o(i.FLASH_MassErase)
    i.FLASH_PageErase                        0x08000438   Section        0  stm32l4xx_hal_flash_ex.o(i.FLASH_PageErase)
    i.FLASH_Program_DoubleWord               0x08000460   Section        0  stm32l4xx_hal_flash.o(i.FLASH_Program_DoubleWord)
    FLASH_Program_DoubleWord                 0x08000461   Thumb Code    22  stm32l4xx_hal_flash.o(i.FLASH_Program_DoubleWord)
    i.FLASH_Program_Fast                     0x0800047c   Section        0  stm32l4xx_hal_flash.o(i.FLASH_Program_Fast)
    FLASH_Program_Fast                       0x0800047d   Thumb Code    38  stm32l4xx_hal_flash.o(i.FLASH_Program_Fast)
    i.FLASH_WaitForLastOperation             0x080004a8   Section        0  stm32l4xx_hal_flash.o(i.FLASH_WaitForLastOperation)
    i.GetBank                                0x08000514   Section        0  interflash.o(i.GetBank)
    GetBank                                  0x08000515   Thumb Code     4  interflash.o(i.GetBank)
    i.GetPage                                0x08000518   Section        0  interflash.o(i.GetPage)
    GetPage                                  0x08000519   Thumb Code    62  interflash.o(i.GetPage)
    i.HAL_ADC_ConfigChannel                  0x0800055c   Section        0  stm32l4xx_hal_adc.o(i.HAL_ADC_ConfigChannel)
    i.HAL_ADC_Init                           0x08000958   Section        0  stm32l4xx_hal_adc.o(i.HAL_ADC_Init)
    i.HAL_ADC_MspInit                        0x08000b08   Section        0  stm32l4xx_hal_msp.o(i.HAL_ADC_MspInit)
    i.HAL_DMA_IRQHandler                     0x08000bd0   Section        0  stm32l4xx_hal_dma.o(i.HAL_DMA_IRQHandler)
    i.HAL_DMA_Init                           0x08000c9c   Section        0  stm32l4xx_hal_dma.o(i.HAL_DMA_Init)
    i.HAL_FLASHEx_Erase                      0x08000d7c   Section        0  stm32l4xx_hal_flash_ex.o(i.HAL_FLASHEx_Erase)
    i.HAL_FLASH_Lock                         0x08000e78   Section        0  stm32l4xx_hal_flash.o(i.HAL_FLASH_Lock)
    i.HAL_FLASH_Program                      0x08000e8c   Section        0  stm32l4xx_hal_flash.o(i.HAL_FLASH_Program)
    i.HAL_FLASH_Unlock                       0x08000f48   Section        0  stm32l4xx_hal_flash.o(i.HAL_FLASH_Unlock)
    i.HAL_GPIO_Init                          0x08000f70   Section        0  stm32l4xx_hal_gpio.o(i.HAL_GPIO_Init)
    i.HAL_GPIO_ReadPin                       0x0800111a   Section        0  stm32l4xx_hal_gpio.o(i.HAL_GPIO_ReadPin)
    i.HAL_GPIO_TogglePin                     0x08001128   Section        0  stm32l4xx_hal_gpio.o(i.HAL_GPIO_TogglePin)
    i.HAL_GPIO_WritePin                      0x08001138   Section        0  stm32l4xx_hal_gpio.o(i.HAL_GPIO_WritePin)
    i.HAL_GetTick                            0x08001144   Section        0  stm32l4xx_hal.o(i.HAL_GetTick)
    i.HAL_IncTick                            0x08001150   Section        0  stm32l4xx_hal.o(i.HAL_IncTick)
    i.HAL_Init                               0x08001160   Section        0  stm32l4xx_hal.o(i.HAL_Init)
    i.HAL_InitTick                           0x08001180   Section        0  stm32l4xx_hal.o(i.HAL_InitTick)
    i.HAL_MspInit                            0x080011cc   Section        0  stm32l4xx_hal_msp.o(i.HAL_MspInit)
    i.HAL_NVIC_EnableIRQ                     0x080011f8   Section        0  stm32l4xx_hal_cortex.o(i.HAL_NVIC_EnableIRQ)
    i.HAL_NVIC_SetPriority                   0x08001214   Section        0  stm32l4xx_hal_cortex.o(i.HAL_NVIC_SetPriority)
    i.HAL_NVIC_SetPriorityGrouping           0x08001254   Section        0  stm32l4xx_hal_cortex.o(i.HAL_NVIC_SetPriorityGrouping)
    i.HAL_PWREx_ControlVoltageScaling        0x08001278   Section        0  stm32l4xx_hal_pwr_ex.o(i.HAL_PWREx_ControlVoltageScaling)
    i.HAL_PWREx_GetVoltageRange              0x080012e4   Section        0  stm32l4xx_hal_pwr_ex.o(i.HAL_PWREx_GetVoltageRange)
    i.HAL_PWR_EnableWakeUpPin                0x080012f4   Section        0  stm32l4xx_hal_pwr.o(i.HAL_PWR_EnableWakeUpPin)
    i.HAL_RCCEx_PeriphCLKConfig              0x08001310   Section        0  stm32l4xx_hal_rcc_ex.o(i.HAL_RCCEx_PeriphCLKConfig)
    i.HAL_RCC_ClockConfig                    0x080015c4   Section        0  stm32l4xx_hal_rcc.o(i.HAL_RCC_ClockConfig)
    i.HAL_RCC_GetHCLKFreq                    0x08001734   Section        0  stm32l4xx_hal_rcc.o(i.HAL_RCC_GetHCLKFreq)
    i.HAL_RCC_GetPCLK1Freq                   0x08001740   Section        0  stm32l4xx_hal_rcc.o(i.HAL_RCC_GetPCLK1Freq)
    i.HAL_RCC_GetPCLK2Freq                   0x08001764   Section        0  stm32l4xx_hal_rcc.o(i.HAL_RCC_GetPCLK2Freq)
    i.HAL_RCC_GetSysClockFreq                0x08001788   Section        0  stm32l4xx_hal_rcc.o(i.HAL_RCC_GetSysClockFreq)
    i.HAL_RCC_OscConfig                      0x0800182c   Section        0  stm32l4xx_hal_rcc.o(i.HAL_RCC_OscConfig)
    i.HAL_SYSTICK_Config                     0x08001dec   Section        0  stm32l4xx_hal_cortex.o(i.HAL_SYSTICK_Config)
    i.HAL_UART_Init                          0x08001e14   Section        0  stm32l4xx_hal_uart.o(i.HAL_UART_Init)
    i.HAL_UART_MspInit                       0x08001e80   Section        0  stm32l4xx_hal_msp.o(i.HAL_UART_MspInit)
    i.HardFault_Handler                      0x08001f0c   Section        0  stm32l4xx_it.o(i.HardFault_Handler)
    i.LL_ADC_GetOffsetChannel                0x08001f0e   Section        0  stm32l4xx_hal_adc.o(i.LL_ADC_GetOffsetChannel)
    LL_ADC_GetOffsetChannel                  0x08001f0f   Thumb Code    12  stm32l4xx_hal_adc.o(i.LL_ADC_GetOffsetChannel)
    i.LL_ADC_INJ_IsConversionOngoing         0x08001f1a   Section        0  stm32l4xx_hal_adc.o(i.LL_ADC_INJ_IsConversionOngoing)
    LL_ADC_INJ_IsConversionOngoing           0x08001f1b   Thumb Code     8  stm32l4xx_hal_adc.o(i.LL_ADC_INJ_IsConversionOngoing)
    i.LL_ADC_IsEnabled                       0x08001f22   Section        0  stm32l4xx_hal_adc.o(i.LL_ADC_IsEnabled)
    LL_ADC_IsEnabled                         0x08001f23   Thumb Code     8  stm32l4xx_hal_adc.o(i.LL_ADC_IsEnabled)
    i.LL_ADC_REG_IsConversionOngoing         0x08001f2a   Section        0  stm32l4xx_hal_adc.o(i.LL_ADC_REG_IsConversionOngoing)
    LL_ADC_REG_IsConversionOngoing           0x08001f2b   Thumb Code     8  stm32l4xx_hal_adc.o(i.LL_ADC_REG_IsConversionOngoing)
    i.LL_ADC_SetChannelSamplingTime          0x08001f32   Section        0  stm32l4xx_hal_adc.o(i.LL_ADC_SetChannelSamplingTime)
    LL_ADC_SetChannelSamplingTime            0x08001f33   Thumb Code    30  stm32l4xx_hal_adc.o(i.LL_ADC_SetChannelSamplingTime)
    i.LL_ADC_SetOffsetState                  0x08001f50   Section        0  stm32l4xx_hal_adc.o(i.LL_ADC_SetOffsetState)
    LL_ADC_SetOffsetState                    0x08001f51   Thumb Code    16  stm32l4xx_hal_adc.o(i.LL_ADC_SetOffsetState)
    i.LPUART1_IRQHandler                     0x08001f60   Section        0  stm32l4xx_it.o(i.LPUART1_IRQHandler)
    i.MX_ADC1_Init                           0x08001fa8   Section        0  main.o(i.MX_ADC1_Init)
    MX_ADC1_Init                             0x08001fa9   Thumb Code   112  main.o(i.MX_ADC1_Init)
    i.MX_DMA_Init                            0x08002024   Section        0  main.o(i.MX_DMA_Init)
    MX_DMA_Init                              0x08002025   Thumb Code    40  main.o(i.MX_DMA_Init)
    i.MX_GPIO_Init                           0x08002050   Section        0  main.o(i.MX_GPIO_Init)
    MX_GPIO_Init                             0x08002051   Thumb Code   208  main.o(i.MX_GPIO_Init)
    i.MX_LPUART1_UART_Init                   0x0800212c   Section        0  main.o(i.MX_LPUART1_UART_Init)
    MX_LPUART1_UART_Init                     0x0800212d   Thumb Code    48  main.o(i.MX_LPUART1_UART_Init)
    i.MemManage_Handler                      0x08002164   Section        0  stm32l4xx_it.o(i.MemManage_Handler)
    i.NMI_Handler                            0x08002166   Section        0  stm32l4xx_it.o(i.NMI_Handler)
    i.PendSV_Handler                         0x08002168   Section        0  stm32l4xx_it.o(i.PendSV_Handler)
    i.PushData_CircularQueue                 0x0800216a   Section        0  circularqueue.o(i.PushData_CircularQueue)
    i.RCCEx_PLLSAI1_Config                   0x080021a4   Section        0  stm32l4xx_hal_rcc_ex.o(i.RCCEx_PLLSAI1_Config)
    RCCEx_PLLSAI1_Config                     0x080021a5   Thumb Code   304  stm32l4xx_hal_rcc_ex.o(i.RCCEx_PLLSAI1_Config)
    i.RCC_SetFlashLatencyFromMSIRange        0x080022e4   Section        0  stm32l4xx_hal_rcc.o(i.RCC_SetFlashLatencyFromMSIRange)
    RCC_SetFlashLatencyFromMSIRange          0x080022e5   Thumb Code   122  stm32l4xx_hal_rcc.o(i.RCC_SetFlashLatencyFromMSIRange)
    i.SVC_Handler                            0x08002368   Section        0  stm32l4xx_it.o(i.SVC_Handler)
    i.SysTick_Handler                        0x0800236c   Section        0  stm32l4xx_it.o(i.SysTick_Handler)
    i.SystemClock_Config                     0x080023a8   Section        0  main.o(i.SystemClock_Config)
    i.SystemInit                             0x08002418   Section        0  system_stm32l4xx.o(i.SystemInit)
    i.UART_AdvFeatureConfig                  0x08002428   Section        0  stm32l4xx_hal_uart.o(i.UART_AdvFeatureConfig)
    i.UART_CheckIdleState                    0x080024f0   Section        0  stm32l4xx_hal_uart.o(i.UART_CheckIdleState)
    i.UART_EndRxTransfer                     0x0800259a   Section        0  stm32l4xx_hal_uart.o(i.UART_EndRxTransfer)
    UART_EndRxTransfer                       0x0800259b   Thumb Code    76  stm32l4xx_hal_uart.o(i.UART_EndRxTransfer)
    i.UART_SetConfig                         0x080025e8   Section        0  stm32l4xx_hal_uart.o(i.UART_SetConfig)
    i.UART_WaitOnFlagUntilTimeout            0x08002838   Section        0  stm32l4xx_hal_uart.o(i.UART_WaitOnFlagUntilTimeout)
    i.UsageFault_Handler                     0x080028d0   Section        0  stm32l4xx_it.o(i.UsageFault_Handler)
    i.__NVIC_SetPriority                     0x080028d2   Section        0  stm32l4xx_hal_cortex.o(i.__NVIC_SetPriority)
    __NVIC_SetPriority                       0x080028d3   Thumb Code    32  stm32l4xx_hal_cortex.o(i.__NVIC_SetPriority)
    i.__scatterload_copy                     0x080028f2   Section       14  handlers.o(i.__scatterload_copy)
    i.__scatterload_null                     0x08002900   Section        2  handlers.o(i.__scatterload_null)
    i.__scatterload_zeroinit                 0x08002902   Section       14  handlers.o(i.__scatterload_zeroinit)
    i.ds3232_check_rtc_status                0x08002910   Section        0  ds3232.o(i.ds3232_check_rtc_status)
    i.ds3232_probe                           0x08002958   Section        0  ds3232.o(i.ds3232_probe)
    i.ds3232_read_regs                       0x0800295c   Section        0  ds3232.o(i.ds3232_read_regs)
    i.ds3232_write_regs                      0x080029e4   Section        0  ds3232.o(i.ds3232_write_regs)
    i.erase_flash                            0x08002a50   Section        0  interflash.o(i.erase_flash)
    i.flash_write_bytes                      0x08002aa4   Section        0  interflash.o(i.flash_write_bytes)
    i.i2c_ack                                0x08002ade   Section        0  gpio_i2c.o(i.i2c_ack)
    i.i2c_delay                              0x08002b12   Section        0  gpio_i2c.o(i.i2c_delay)
    i2c_delay                                0x08002b13   Thumb Code    10  gpio_i2c.o(i.i2c_delay)
    i.i2c_ds3232_read                        0x08002b1c   Section        0  ds3232.o(i.i2c_ds3232_read)
    i2c_ds3232_read                          0x08002b1d   Thumb Code    12  ds3232.o(i.i2c_ds3232_read)
    i.i2c_ds3232_write                       0x08002b28   Section        0  ds3232.o(i.i2c_ds3232_write)
    i2c_ds3232_write                         0x08002b29   Thumb Code    12  ds3232.o(i.i2c_ds3232_write)
    i.i2c_init                               0x08002b34   Section        0  gpio_i2c.o(i.i2c_init)
    i.i2c_nack                               0x08002c3c   Section        0  gpio_i2c.o(i.i2c_nack)
    i.i2c_readbyte                           0x08002c68   Section        0  gpio_i2c.o(i.i2c_readbyte)
    i.i2c_scl_set                            0x08002ca4   Section        0  gpio_i2c.o(i.i2c_scl_set)
    i.i2c_sda_read                           0x08002d14   Section        0  gpio_i2c.o(i.i2c_sda_read)
    i.i2c_sda_set                            0x08002d4c   Section        0  gpio_i2c.o(i.i2c_sda_set)
    i.i2c_sendbyte                           0x08002dbc   Section        0  gpio_i2c.o(i.i2c_sendbyte)
    i.i2c_start                              0x08002e10   Section        0  gpio_i2c.o(i.i2c_start)
    i.i2c_stop                               0x08002e44   Section        0  gpio_i2c.o(i.i2c_stop)
    i.i2c_waitack                            0x08002e6c   Section        0  gpio_i2c.o(i.i2c_waitack)
    i.interflash_test                        0x08002ea8   Section        0  interflash_test.o(i.interflash_test)
    i.main                                   0x08002ed8   Section        0  main.o(i.main)
    .constdata                               0x08002f68   Section       64  system_stm32l4xx.o(.constdata)
    .constdata                               0x08002fa8   Section        8  system_stm32l4xx.o(.constdata)
    .data                                    0x20000000   Section       12  main.o(.data)
    .data                                    0x2000000c   Section        1  interflash_test.o(.data)
    .data                                    0x20000010   Section     1032  interflash_test.o(.data)
    .data                                    0x20000418   Section       12  stm32l4xx_hal.o(.data)
    .data                                    0x20000424   Section       32  stm32l4xx_hal_flash.o(.data)
    .data                                    0x20000444   Section        4  system_stm32l4xx.o(.data)
    .bss                                     0x20000448   Section      288  main.o(.bss)
    .bss                                     0x20000568   Section       72  main.o(.bss)
    .bss                                     0x200005b0   Section     4162  uart_prot.o(.bss)
    uart_content                             0x200009e0   Data        1024  uart_prot.o(.bss)
    .bss                                     0x200015f4   Section       20  interflash_test.o(.bss)
    STACK                                    0x20001608   Section     4096  startup_stm32l431xx.o(STACK)

    Global Symbols

    Symbol Name                              Value     Ov Type        Size  Object(Section)

    BuildAttributes$$THM_ISAv4$E$P$D$K$B$S$7EM$VFPi3$EXTD16$VFPS$VFMA$PE$A:L22UL41UL21$X:L11$S22US41US21$IEEE1$IW$USESV6$~STKCKD$USESV7$~SHL$OTIME$ROPI$EBA8$MICROLIB$REQ8$PRES8$EABIv2 0x00000000   Number         0  anon$$obj.o ABSOLUTE
    __ARM_use_no_argv                        0x00000000   Number         0  main.o ABSOLUTE
    __cpp_initialize__aeabi_                  - Undefined Weak Reference
    __cxa_finalize                            - Undefined Weak Reference
    _clock_init                               - Undefined Weak Reference
    _microlib_exit                            - Undefined Weak Reference
    __Vectors_Size                           0x0000018c   Number         0  startup_stm32l431xx.o ABSOLUTE
    __Vectors                                0x08000000   Data           4  startup_stm32l431xx.o(RESET)
    __Vectors_End                            0x0800018c   Data           0  startup_stm32l431xx.o(RESET)
    __main                                   0x0800018d   Thumb Code     0  entry.o(.ARM.Collect$$$$00000000)
    _main_stk                                0x0800018d   Thumb Code     0  entry2.o(.ARM.Collect$$$$00000001)
    _main_scatterload                        0x08000191   Thumb Code     0  entry5.o(.ARM.Collect$$$$00000004)
    __main_after_scatterload                 0x08000195   Thumb Code     0  entry5.o(.ARM.Collect$$$$00000004)
    _main_clock                              0x08000195   Thumb Code     0  entry7b.o(.ARM.Collect$$$$00000008)
    _main_cpp_init                           0x08000195   Thumb Code     0  entry8b.o(.ARM.Collect$$$$0000000A)
    _main_init                               0x08000195   Thumb Code     0  entry9a.o(.ARM.Collect$$$$0000000B)
    __rt_final_cpp                           0x0800019d   Thumb Code     0  entry10a.o(.ARM.Collect$$$$0000000D)
    __rt_final_exit                          0x0800019d   Thumb Code     0  entry11a.o(.ARM.Collect$$$$0000000F)
    Reset_Handler                            0x080001a1   Thumb Code     8  startup_stm32l431xx.o(.text)
    ADC1_IRQHandler                          0x080001bb   Thumb Code     0  startup_stm32l431xx.o(.text)
    CAN1_RX0_IRQHandler                      0x080001bb   Thumb Code     0  startup_stm32l431xx.o(.text)
    CAN1_RX1_IRQHandler                      0x080001bb   Thumb Code     0  startup_stm32l431xx.o(.text)
    CAN1_SCE_IRQHandler                      0x080001bb   Thumb Code     0  startup_stm32l431xx.o(.text)
    CAN1_TX_IRQHandler                       0x080001bb   Thumb Code     0  startup_stm32l431xx.o(.text)
    COMP_IRQHandler                          0x080001bb   Thumb Code     0  startup_stm32l431xx.o(.text)
    CRS_IRQHandler                           0x080001bb   Thumb Code     0  startup_stm32l431xx.o(.text)
    DMA1_Channel2_IRQHandler                 0x080001bb   Thumb Code     0  startup_stm32l431xx.o(.text)
    DMA1_Channel3_IRQHandler                 0x080001bb   Thumb Code     0  startup_stm32l431xx.o(.text)
    DMA1_Channel4_IRQHandler                 0x080001bb   Thumb Code     0  startup_stm32l431xx.o(.text)
    DMA1_Channel5_IRQHandler                 0x080001bb   Thumb Code     0  startup_stm32l431xx.o(.text)
    DMA1_Channel6_IRQHandler                 0x080001bb   Thumb Code     0  startup_stm32l431xx.o(.text)
    DMA1_Channel7_IRQHandler                 0x080001bb   Thumb Code     0  startup_stm32l431xx.o(.text)
    DMA2_Channel1_IRQHandler                 0x080001bb   Thumb Code     0  startup_stm32l431xx.o(.text)
    DMA2_Channel2_IRQHandler                 0x080001bb   Thumb Code     0  startup_stm32l431xx.o(.text)
    DMA2_Channel3_IRQHandler                 0x080001bb   Thumb Code     0  startup_stm32l431xx.o(.text)
    DMA2_Channel4_IRQHandler                 0x080001bb   Thumb Code     0  startup_stm32l431xx.o(.text)
    DMA2_Channel5_IRQHandler                 0x080001bb   Thumb Code     0  startup_stm32l431xx.o(.text)
    DMA2_Channel6_IRQHandler                 0x080001bb   Thumb Code     0  startup_stm32l431xx.o(.text)
    DMA2_Channel7_IRQHandler                 0x080001bb   Thumb Code     0  startup_stm32l431xx.o(.text)
    EXTI0_IRQHandler                         0x080001bb   Thumb Code     0  startup_stm32l431xx.o(.text)
    EXTI15_10_IRQHandler                     0x080001bb   Thumb Code     0  startup_stm32l431xx.o(.text)
    EXTI1_IRQHandler                         0x080001bb   Thumb Code     0  startup_stm32l431xx.o(.text)
    EXTI2_IRQHandler                         0x080001bb   Thumb Code     0  startup_stm32l431xx.o(.text)
    EXTI3_IRQHandler                         0x080001bb   Thumb Code     0  startup_stm32l431xx.o(.text)
    EXTI4_IRQHandler                         0x080001bb   Thumb Code     0  startup_stm32l431xx.o(.text)
    EXTI9_5_IRQHandler                       0x080001bb   Thumb Code     0  startup_stm32l431xx.o(.text)
    FLASH_IRQHandler                         0x080001bb   Thumb Code     0  startup_stm32l431xx.o(.text)
    FPU_IRQHandler                           0x080001bb   Thumb Code     0  startup_stm32l431xx.o(.text)
    I2C1_ER_IRQHandler                       0x080001bb   Thumb Code     0  startup_stm32l431xx.o(.text)
    I2C1_EV_IRQHandler                       0x080001bb   Thumb Code     0  startup_stm32l431xx.o(.text)
    I2C2_ER_IRQHandler                       0x080001bb   Thumb Code     0  startup_stm32l431xx.o(.text)
    I2C2_EV_IRQHandler                       0x080001bb   Thumb Code     0  startup_stm32l431xx.o(.text)
    I2C3_ER_IRQHandler                       0x080001bb   Thumb Code     0  startup_stm32l431xx.o(.text)
    I2C3_EV_IRQHandler                       0x080001bb   Thumb Code     0  startup_stm32l431xx.o(.text)
    LPTIM1_IRQHandler                        0x080001bb   Thumb Code     0  startup_stm32l431xx.o(.text)
    LPTIM2_IRQHandler                        0x080001bb   Thumb Code     0  startup_stm32l431xx.o(.text)
    PVD_PVM_IRQHandler                       0x080001bb   Thumb Code     0  startup_stm32l431xx.o(.text)
    QUADSPI_IRQHandler                       0x080001bb   Thumb Code     0  startup_stm32l431xx.o(.text)
    RCC_IRQHandler                           0x080001bb   Thumb Code     0  startup_stm32l431xx.o(.text)
    RNG_IRQHandler                           0x080001bb   Thumb Code     0  startup_stm32l431xx.o(.text)
    RTC_Alarm_IRQHandler                     0x080001bb   Thumb Code     0  startup_stm32l431xx.o(.text)
    RTC_WKUP_IRQHandler                      0x080001bb   Thumb Code     0  startup_stm32l431xx.o(.text)
    SAI1_IRQHandler                          0x080001bb   Thumb Code     0  startup_stm32l431xx.o(.text)
    SDMMC1_IRQHandler                        0x080001bb   Thumb Code     0  startup_stm32l431xx.o(.text)
    SPI1_IRQHandler                          0x080001bb   Thumb Code     0  startup_stm32l431xx.o(.text)
    SPI2_IRQHandler                          0x080001bb   Thumb Code     0  startup_stm32l431xx.o(.text)
    SPI3_IRQHandler                          0x080001bb   Thumb Code     0  startup_stm32l431xx.o(.text)
    SWPMI1_IRQHandler                        0x080001bb   Thumb Code     0  startup_stm32l431xx.o(.text)
    TAMP_STAMP_IRQHandler                    0x080001bb   Thumb Code     0  startup_stm32l431xx.o(.text)
    TIM1_BRK_TIM15_IRQHandler                0x080001bb   Thumb Code     0  startup_stm32l431xx.o(.text)
    TIM1_CC_IRQHandler                       0x080001bb   Thumb Code     0  startup_stm32l431xx.o(.text)
    TIM1_TRG_COM_IRQHandler                  0x080001bb   Thumb Code     0  startup_stm32l431xx.o(.text)
    TIM1_UP_TIM16_IRQHandler                 0x080001bb   Thumb Code     0  startup_stm32l431xx.o(.text)
    TIM2_IRQHandler                          0x080001bb   Thumb Code     0  startup_stm32l431xx.o(.text)
    TIM6_DAC_IRQHandler                      0x080001bb   Thumb Code     0  startup_stm32l431xx.o(.text)
    TIM7_IRQHandler                          0x080001bb   Thumb Code     0  startup_stm32l431xx.o(.text)
    TSC_IRQHandler                           0x080001bb   Thumb Code     0  startup_stm32l431xx.o(.text)
    USART1_IRQHandler                        0x080001bb   Thumb Code     0  startup_stm32l431xx.o(.text)
    USART2_IRQHandler                        0x080001bb   Thumb Code     0  startup_stm32l431xx.o(.text)
    USART3_IRQHandler                        0x080001bb   Thumb Code     0  startup_stm32l431xx.o(.text)
    WWDG_IRQHandler                          0x080001bb   Thumb Code     0  startup_stm32l431xx.o(.text)
    __aeabi_uldivmod                         0x080001c5   Thumb Code    98  uldiv.o(.text)
    __aeabi_memcpy                           0x0800022d   Thumb Code    36  memcpya.o(.text)
    __aeabi_memcpy4                          0x0800022d   Thumb Code     0  memcpya.o(.text)
    __aeabi_memcpy8                          0x0800022d   Thumb Code     0  memcpya.o(.text)
    __aeabi_memset                           0x08000251   Thumb Code    14  memseta.o(.text)
    __aeabi_memset4                          0x08000251   Thumb Code     0  memseta.o(.text)
    __aeabi_memset8                          0x08000251   Thumb Code     0  memseta.o(.text)
    __aeabi_memclr                           0x0800025f   Thumb Code     4  memseta.o(.text)
    __aeabi_memclr4                          0x0800025f   Thumb Code     0  memseta.o(.text)
    __aeabi_memclr8                          0x0800025f   Thumb Code     0  memseta.o(.text)
    _memset$wrapper                          0x08000263   Thumb Code    18  memseta.o(.text)
    __aeabi_llsl                             0x08000275   Thumb Code    30  llshl.o(.text)
    _ll_shift_l                              0x08000275   Thumb Code     0  llshl.o(.text)
    __aeabi_llsr                             0x08000293   Thumb Code    32  llushr.o(.text)
    _ll_ushift_r                             0x08000293   Thumb Code     0  llushr.o(.text)
    __scatterload                            0x080002b5   Thumb Code    28  init.o(.text)
    __scatterload_rt2                        0x080002b5   Thumb Code     0  init.o(.text)
    __decompress                             0x080002d9   Thumb Code     0  __dczerorl2.o(.text)
    __decompress1                            0x080002d9   Thumb Code    86  __dczerorl2.o(.text)
    API_WatchDog_Enable                      0x08000331   Thumb Code    68  bsp_hwdg.o(i.API_WatchDog_Enable)
    API_WatchDog_FeedDog                     0x08000379   Thumb Code    14  bsp_hwdg.o(i.API_WatchDog_FeedDog)
    BusFault_Handler                         0x0800038d   Thumb Code     2  stm32l4xx_it.o(i.BusFault_Handler)
    DMA1_Channel1_IRQHandler                 0x08000391   Thumb Code     6  stm32l4xx_it.o(i.DMA1_Channel1_IRQHandler)
    DebugMon_Handler                         0x0800039d   Thumb Code     2  stm32l4xx_it.o(i.DebugMon_Handler)
    Error_Handler                            0x0800039f   Thumb Code     4  main.o(i.Error_Handler)
    FLASH_FlushCaches                        0x080003a5   Thumb Code    84  stm32l4xx_hal_flash_ex.o(i.FLASH_FlushCaches)
    FLASH_If_Read                            0x08000401   Thumb Code    26  interflash.o(i.FLASH_If_Read)
    FLASH_PageErase                          0x08000439   Thumb Code    34  stm32l4xx_hal_flash_ex.o(i.FLASH_PageErase)
    FLASH_WaitForLastOperation               0x080004a9   Thumb Code    96  stm32l4xx_hal_flash.o(i.FLASH_WaitForLastOperation)
    HAL_ADC_ConfigChannel                    0x0800055d   Thumb Code   972  stm32l4xx_hal_adc.o(i.HAL_ADC_ConfigChannel)
    HAL_ADC_Init                             0x08000959   Thumb Code   402  stm32l4xx_hal_adc.o(i.HAL_ADC_Init)
    HAL_ADC_MspInit                          0x08000b09   Thumb Code   182  stm32l4xx_hal_msp.o(i.HAL_ADC_MspInit)
    HAL_DMA_IRQHandler                       0x08000bd1   Thumb Code   204  stm32l4xx_hal_dma.o(i.HAL_DMA_IRQHandler)
    HAL_DMA_Init                             0x08000c9d   Thumb Code   210  stm32l4xx_hal_dma.o(i.HAL_DMA_Init)
    HAL_FLASHEx_Erase                        0x08000d7d   Thumb Code   236  stm32l4xx_hal_flash_ex.o(i.HAL_FLASHEx_Erase)
    HAL_FLASH_Lock                           0x08000e79   Thumb Code    14  stm32l4xx_hal_flash.o(i.HAL_FLASH_Lock)
    HAL_FLASH_Program                        0x08000e8d   Thumb Code   172  stm32l4xx_hal_flash.o(i.HAL_FLASH_Program)
    HAL_FLASH_Unlock                         0x08000f49   Thumb Code    28  stm32l4xx_hal_flash.o(i.HAL_FLASH_Unlock)
    HAL_GPIO_Init                            0x08000f71   Thumb Code   390  stm32l4xx_hal_gpio.o(i.HAL_GPIO_Init)
    HAL_GPIO_ReadPin                         0x0800111b   Thumb Code    14  stm32l4xx_hal_gpio.o(i.HAL_GPIO_ReadPin)
    HAL_GPIO_TogglePin                       0x08001129   Thumb Code    16  stm32l4xx_hal_gpio.o(i.HAL_GPIO_TogglePin)
    HAL_GPIO_WritePin                        0x08001139   Thumb Code    12  stm32l4xx_hal_gpio.o(i.HAL_GPIO_WritePin)
    HAL_GetTick                              0x08001145   Thumb Code     6  stm32l4xx_hal.o(i.HAL_GetTick)
    HAL_IncTick                              0x08001151   Thumb Code    12  stm32l4xx_hal.o(i.HAL_IncTick)
    HAL_Init                                 0x08001161   Thumb Code    30  stm32l4xx_hal.o(i.HAL_Init)
    HAL_InitTick                             0x08001181   Thumb Code    68  stm32l4xx_hal.o(i.HAL_InitTick)
    HAL_MspInit                              0x080011cd   Thumb Code    38  stm32l4xx_hal_msp.o(i.HAL_MspInit)
    HAL_NVIC_EnableIRQ                       0x080011f9   Thumb Code    26  stm32l4xx_hal_cortex.o(i.HAL_NVIC_EnableIRQ)
    HAL_NVIC_SetPriority                     0x08001215   Thumb Code    60  stm32l4xx_hal_cortex.o(i.HAL_NVIC_SetPriority)
    HAL_NVIC_SetPriorityGrouping             0x08001255   Thumb Code    26  stm32l4xx_hal_cortex.o(i.HAL_NVIC_SetPriorityGrouping)
    HAL_PWREx_ControlVoltageScaling          0x08001279   Thumb Code    96  stm32l4xx_hal_pwr_ex.o(i.HAL_PWREx_ControlVoltageScaling)
    HAL_PWREx_GetVoltageRange                0x080012e5   Thumb Code    10  stm32l4xx_hal_pwr_ex.o(i.HAL_PWREx_GetVoltageRange)
    HAL_PWR_EnableWakeUpPin                  0x080012f5   Thumb Code    24  stm32l4xx_hal_pwr.o(i.HAL_PWR_EnableWakeUpPin)
    HAL_RCCEx_PeriphCLKConfig                0x08001311   Thumb Code   674  stm32l4xx_hal_rcc_ex.o(i.HAL_RCCEx_PeriphCLKConfig)
    HAL_RCC_ClockConfig                      0x080015c5   Thumb Code   346  stm32l4xx_hal_rcc.o(i.HAL_RCC_ClockConfig)
    HAL_RCC_GetHCLKFreq                      0x08001735   Thumb Code     6  stm32l4xx_hal_rcc.o(i.HAL_RCC_GetHCLKFreq)
    HAL_RCC_GetPCLK1Freq                     0x08001741   Thumb Code    26  stm32l4xx_hal_rcc.o(i.HAL_RCC_GetPCLK1Freq)
    HAL_RCC_GetPCLK2Freq                     0x08001765   Thumb Code    26  stm32l4xx_hal_rcc.o(i.HAL_RCC_GetPCLK2Freq)
    HAL_RCC_GetSysClockFreq                  0x08001789   Thumb Code   150  stm32l4xx_hal_rcc.o(i.HAL_RCC_GetSysClockFreq)
    HAL_RCC_OscConfig                        0x0800182d   Thumb Code  1464  stm32l4xx_hal_rcc.o(i.HAL_RCC_OscConfig)
    HAL_SYSTICK_Config                       0x08001ded   Thumb Code    40  stm32l4xx_hal_cortex.o(i.HAL_SYSTICK_Config)
    HAL_UART_Init                            0x08001e15   Thumb Code   108  stm32l4xx_hal_uart.o(i.HAL_UART_Init)
    HAL_UART_MspInit                         0x08001e81   Thumb Code   132  stm32l4xx_hal_msp.o(i.HAL_UART_MspInit)
    HardFault_Handler                        0x08001f0d   Thumb Code     2  stm32l4xx_it.o(i.HardFault_Handler)
    LPUART1_IRQHandler                       0x08001f61   Thumb Code    64  stm32l4xx_it.o(i.LPUART1_IRQHandler)
    MemManage_Handler                        0x08002165   Thumb Code     2  stm32l4xx_it.o(i.MemManage_Handler)
    NMI_Handler                              0x08002167   Thumb Code     2  stm32l4xx_it.o(i.NMI_Handler)
    PendSV_Handler                           0x08002169   Thumb Code     2  stm32l4xx_it.o(i.PendSV_Handler)
    PushData_CircularQueue                   0x0800216b   Thumb Code    58  circularqueue.o(i.PushData_CircularQueue)
    SVC_Handler                              0x08002369   Thumb Code     2  stm32l4xx_it.o(i.SVC_Handler)
    SysTick_Handler                          0x0800236d   Thumb Code    52  stm32l4xx_it.o(i.SysTick_Handler)
    SystemClock_Config                       0x080023a9   Thumb Code   110  main.o(i.SystemClock_Config)
    SystemInit                               0x08002419   Thumb Code    12  system_stm32l4xx.o(i.SystemInit)
    UART_AdvFeatureConfig                    0x08002429   Thumb Code   200  stm32l4xx_hal_uart.o(i.UART_AdvFeatureConfig)
    UART_CheckIdleState                      0x080024f1   Thumb Code   170  stm32l4xx_hal_uart.o(i.UART_CheckIdleState)
    UART_SetConfig                           0x080025e9   Thumb Code   560  stm32l4xx_hal_uart.o(i.UART_SetConfig)
    UART_WaitOnFlagUntilTimeout              0x08002839   Thumb Code   152  stm32l4xx_hal_uart.o(i.UART_WaitOnFlagUntilTimeout)
    UsageFault_Handler                       0x080028d1   Thumb Code     2  stm32l4xx_it.o(i.UsageFault_Handler)
    __scatterload_copy                       0x080028f3   Thumb Code    14  handlers.o(i.__scatterload_copy)
    __scatterload_null                       0x08002901   Thumb Code     2  handlers.o(i.__scatterload_null)
    __scatterload_zeroinit                   0x08002903   Thumb Code    14  handlers.o(i.__scatterload_zeroinit)
    ds3232_check_rtc_status                  0x08002911   Thumb Code    72  ds3232.o(i.ds3232_check_rtc_status)
    ds3232_probe                             0x08002959   Thumb Code     4  ds3232.o(i.ds3232_probe)
    ds3232_read_regs                         0x0800295d   Thumb Code   136  ds3232.o(i.ds3232_read_regs)
    ds3232_write_regs                        0x080029e5   Thumb Code   106  ds3232.o(i.ds3232_write_regs)
    erase_flash                              0x08002a51   Thumb Code    78  interflash.o(i.erase_flash)
    flash_write_bytes                        0x08002aa5   Thumb Code    58  interflash.o(i.flash_write_bytes)
    i2c_ack                                  0x08002adf   Thumb Code    52  gpio_i2c.o(i.i2c_ack)
    i2c_init                                 0x08002b35   Thumb Code   250  gpio_i2c.o(i.i2c_init)
    i2c_nack                                 0x08002c3d   Thumb Code    44  gpio_i2c.o(i.i2c_nack)
    i2c_readbyte                             0x08002c69   Thumb Code    60  gpio_i2c.o(i.i2c_readbyte)
    i2c_scl_set                              0x08002ca5   Thumb Code   102  gpio_i2c.o(i.i2c_scl_set)
    i2c_sda_read                             0x08002d15   Thumb Code    46  gpio_i2c.o(i.i2c_sda_read)
    i2c_sda_set                              0x08002d4d   Thumb Code   102  gpio_i2c.o(i.i2c_sda_set)
    i2c_sendbyte                             0x08002dbd   Thumb Code    84  gpio_i2c.o(i.i2c_sendbyte)
    i2c_start                                0x08002e11   Thumb Code    52  gpio_i2c.o(i.i2c_start)
    i2c_stop                                 0x08002e45   Thumb Code    40  gpio_i2c.o(i.i2c_stop)
    i2c_waitack                              0x08002e6d   Thumb Code    58  gpio_i2c.o(i.i2c_waitack)
    interflash_test                          0x08002ea9   Thumb Code    34  interflash_test.o(i.interflash_test)
    main                                     0x08002ed9   Thumb Code   126  main.o(i.main)
    AHBPrescTable                            0x08002f68   Data          16  system_stm32l4xx.o(.constdata)
    MSIRangeTable                            0x08002f78   Data          48  system_stm32l4xx.o(.constdata)
    APBPrescTable                            0x08002fa8   Data           8  system_stm32l4xx.o(.constdata)
    Region$$Table$$Base                      0x08002fb0   Number         0  anon$$obj.o(Region$$Table)
    Region$$Table$$Limit                     0x08002fd0   Number         0  anon$$obj.o(Region$$Table)
    key_value                                0x20000000   Data           1  main.o(.data)
    ADC_ConvertedValue                       0x20000002   Data           2  main.o(.data)
    ADC_FINAL                                0x20000004   Data           2  main.o(.data)
    REAL_VALUE                               0x20000006   Data           2  main.o(.data)
    rtc_ret                                  0x20000008   Data           4  main.o(.data)
    interflash_ret1                          0x2000000c   Data           1  interflash_test.o(.data)
    interflash_ret2                          0x20000010   Data           1  interflash_test.o(.data)
    interflash_ret3                          0x20000011   Data           1  interflash_test.o(.data)
    read_addr                                0x20000014   Data           4  interflash_test.o(.data)
    write_cont                               0x20000018   Data        1024  interflash_test.o(.data)
    uwTickFreq                               0x20000418   Data           1  stm32l4xx_hal.o(.data)
    uwTickPrio                               0x2000041c   Data           4  stm32l4xx_hal.o(.data)
    uwTick                                   0x20000420   Data           4  stm32l4xx_hal.o(.data)
    pFlash                                   0x20000424   Data          32  stm32l4xx_hal_flash.o(.data)
    SystemCoreClock                          0x20000444   Data           4  system_stm32l4xx.o(.data)
    adc1_filter                              0x20000448   Data          20  main.o(.bss)
    hadc1                                    0x2000045c   Data         100  main.o(.bss)
    ADC1_ARR                                 0x200004c0   Data          30  main.o(.bss)
    hlpuart1                                 0x200004e0   Data         136  main.o(.bss)
    hdma_adc1                                0x20000568   Data          72  main.o(.bss)
    global_upgrade_mcu                       0x200005b0   Data          11  uart_prot.o(.bss)
    mcu_timeout                              0x200005bc   Data          12  uart_prot.o(.bss)
    Uart_Recv_Queue                          0x200005c8   Data          24  uart_prot.o(.bss)
    msg_content                              0x200005e0   Data        1024  uart_prot.o(.bss)
    log_fill                                 0x20000de0   Data         530  uart_prot.o(.bss)
    actual_log_fill                          0x20000ff2   Data         512  uart_prot.o(.bss)
    upgrade_pack                             0x200011f2   Data        1024  uart_prot.o(.bss)
    read_cont                                0x200015f4   Data          20  interflash_test.o(.bss)
    __initial_sp                             0x20002608   Data           0  startup_stm32l431xx.o(STACK)



==============================================================================

Memory Map of the image

  Image Entry point : 0x0800018d

  Load Region LR_IROM1 (Base: 0x08000000, Size: 0x00003418, Max: 0x00040000, ABSOLUTE, COMPRESSED[0x00002fec])

    Execution Region ER_IROM1 (Base: 0x08000000, Size: 0x00002fd0, Max: 0x00040000, ABSOLUTE)

    Base Addr    Size         Type   Attr      Idx    E Section Name        Object

    0x08000000   0x0000018c   Data   RO            3    RESET               startup_stm32l431xx.o
    0x0800018c   0x00000000   Code   RO         3759  * .ARM.Collect$$$$00000000  mc_w.l(entry.o)
    0x0800018c   0x00000004   Code   RO         3782    .ARM.Collect$$$$00000001  mc_w.l(entry2.o)
    0x08000190   0x00000004   Code   RO         3785    .ARM.Collect$$$$00000004  mc_w.l(entry5.o)
    0x08000194   0x00000000   Code   RO         3787    .ARM.Collect$$$$00000008  mc_w.l(entry7b.o)
    0x08000194   0x00000000   Code   RO         3789    .ARM.Collect$$$$0000000A  mc_w.l(entry8b.o)
    0x08000194   0x00000008   Code   RO         3790    .ARM.Collect$$$$0000000B  mc_w.l(entry9a.o)
    0x0800019c   0x00000000   Code   RO         3792    .ARM.Collect$$$$0000000D  mc_w.l(entry10a.o)
    0x0800019c   0x00000000   Code   RO         3794    .ARM.Collect$$$$0000000F  mc_w.l(entry11a.o)
    0x0800019c   0x00000004   Code   RO         3783    .ARM.Collect$$$$00002712  mc_w.l(entry2.o)
    0x080001a0   0x00000024   Code   RO            4    .text               startup_stm32l431xx.o
    0x080001c4   0x00000068   Code   RO         3762    .text               mc_w.l(uldiv.o)
    0x0800022c   0x00000024   Code   RO         3764    .text               mc_w.l(memcpya.o)
    0x08000250   0x00000024   Code   RO         3766    .text               mc_w.l(memseta.o)
    0x08000274   0x0000001e   Code   RO         3796    .text               mc_w.l(llshl.o)
    0x08000292   0x00000020   Code   RO         3798    .text               mc_w.l(llushr.o)
    0x080002b2   0x00000002   PAD
    0x080002b4   0x00000024   Code   RO         3805    .text               mc_w.l(init.o)
    0x080002d8   0x00000056   Code   RO         3815    .text               mc_w.l(__dczerorl2.o)
    0x0800032e   0x00000002   PAD
    0x08000330   0x00000048   Code   RO         1196    i.API_WatchDog_Enable  bsp_hwdg.o
    0x08000378   0x00000014   Code   RO         1197    i.API_WatchDog_FeedDog  bsp_hwdg.o
    0x0800038c   0x00000002   Code   RO          506    i.BusFault_Handler  stm32l4xx_it.o
    0x0800038e   0x00000002   PAD
    0x08000390   0x0000000c   Code   RO          507    i.DMA1_Channel1_IRQHandler  stm32l4xx_it.o
    0x0800039c   0x00000002   Code   RO          508    i.DebugMon_Handler  stm32l4xx_it.o
    0x0800039e   0x00000004   Code   RO          349    i.Error_Handler     main.o
    0x080003a2   0x00000002   PAD
    0x080003a4   0x0000005c   Code   RO         2363    i.FLASH_FlushCaches  stm32l4xx_hal_flash_ex.o
    0x08000400   0x0000001a   Code   RO          680    i.FLASH_If_Read     interflash.o
    0x0800041a   0x00000002   PAD
    0x0800041c   0x0000001c   Code   RO         2364    i.FLASH_MassErase   stm32l4xx_hal_flash_ex.o
    0x08000438   0x00000028   Code   RO         2373    i.FLASH_PageErase   stm32l4xx_hal_flash_ex.o
    0x08000460   0x0000001c   Code   RO         2254    i.FLASH_Program_DoubleWord  stm32l4xx_hal_flash.o
    0x0800047c   0x0000002c   Code   RO         2255    i.FLASH_Program_Fast  stm32l4xx_hal_flash.o
    0x080004a8   0x0000006c   Code   RO         2256    i.FLASH_WaitForLastOperation  stm32l4xx_hal_flash.o
    0x08000514   0x00000004   Code   RO          681    i.GetBank           interflash.o
    0x08000518   0x00000044   Code   RO          682    i.GetPage           interflash.o
    0x0800055c   0x000003fa   Code   RO         1325    i.HAL_ADC_ConfigChannel  stm32l4xx_hal_adc.o
    0x08000956   0x00000002   PAD
    0x08000958   0x000001b0   Code   RO         1334    i.HAL_ADC_Init      stm32l4xx_hal_adc.o
    0x08000b08   0x000000c8   Code   RO          598    i.HAL_ADC_MspInit   stm32l4xx_hal_msp.o
    0x08000bd0   0x000000cc   Code   RO         2600    i.HAL_DMA_IRQHandler  stm32l4xx_hal_dma.o
    0x08000c9c   0x000000e0   Code   RO         2601    i.HAL_DMA_Init      stm32l4xx_hal_dma.o
    0x08000d7c   0x000000fa   Code   RO         2374    i.HAL_FLASHEx_Erase  stm32l4xx_hal_flash_ex.o
    0x08000e76   0x00000002   PAD
    0x08000e78   0x00000014   Code   RO         2260    i.HAL_FLASH_Lock    stm32l4xx_hal_flash.o
    0x08000e8c   0x000000ba   Code   RO         2265    i.HAL_FLASH_Program  stm32l4xx_hal_flash.o
    0x08000f46   0x00000002   PAD
    0x08000f48   0x00000028   Code   RO         2267    i.HAL_FLASH_Unlock  stm32l4xx_hal_flash.o
    0x08000f70   0x000001aa   Code   RO         2495    i.HAL_GPIO_Init     stm32l4xx_hal_gpio.o
    0x0800111a   0x0000000e   Code   RO         2497    i.HAL_GPIO_ReadPin  stm32l4xx_hal_gpio.o
    0x08001128   0x00000010   Code   RO         2498    i.HAL_GPIO_TogglePin  stm32l4xx_hal_gpio.o
    0x08001138   0x0000000c   Code   RO         2499    i.HAL_GPIO_WritePin  stm32l4xx_hal_gpio.o
    0x08001144   0x0000000c   Code   RO         1746    i.HAL_GetTick       stm32l4xx_hal.o
    0x08001150   0x00000010   Code   RO         1752    i.HAL_IncTick       stm32l4xx_hal.o
    0x08001160   0x0000001e   Code   RO         1753    i.HAL_Init          stm32l4xx_hal.o
    0x0800117e   0x00000002   PAD
    0x08001180   0x0000004c   Code   RO         1754    i.HAL_InitTick      stm32l4xx_hal.o
    0x080011cc   0x0000002c   Code   RO          599    i.HAL_MspInit       stm32l4xx_hal_msp.o
    0x080011f8   0x0000001a   Code   RO         3020    i.HAL_NVIC_EnableIRQ  stm32l4xx_hal_cortex.o
    0x08001212   0x00000002   PAD
    0x08001214   0x00000040   Code   RO         3026    i.HAL_NVIC_SetPriority  stm32l4xx_hal_cortex.o
    0x08001254   0x00000024   Code   RO         3027    i.HAL_NVIC_SetPriorityGrouping  stm32l4xx_hal_cortex.o
    0x08001278   0x0000006c   Code   RO         2822    i.HAL_PWREx_ControlVoltageScaling  stm32l4xx_hal_pwr_ex.o
    0x080012e4   0x00000010   Code   RO         2845    i.HAL_PWREx_GetVoltageRange  stm32l4xx_hal_pwr_ex.o
    0x080012f4   0x0000001c   Code   RO         2718    i.HAL_PWR_EnableWakeUpPin  stm32l4xx_hal_pwr.o
    0x08001310   0x000002b2   Code   RO         2098    i.HAL_RCCEx_PeriphCLKConfig  stm32l4xx_hal_rcc_ex.o
    0x080015c2   0x00000002   PAD
    0x080015c4   0x00000170   Code   RO         1970    i.HAL_RCC_ClockConfig  stm32l4xx_hal_rcc.o
    0x08001734   0x0000000c   Code   RO         1974    i.HAL_RCC_GetHCLKFreq  stm32l4xx_hal_rcc.o
    0x08001740   0x00000024   Code   RO         1976    i.HAL_RCC_GetPCLK1Freq  stm32l4xx_hal_rcc.o
    0x08001764   0x00000024   Code   RO         1977    i.HAL_RCC_GetPCLK2Freq  stm32l4xx_hal_rcc.o
    0x08001788   0x000000a4   Code   RO         1979    i.HAL_RCC_GetSysClockFreq  stm32l4xx_hal_rcc.o
    0x0800182c   0x000005c0   Code   RO         1982    i.HAL_RCC_OscConfig  stm32l4xx_hal_rcc.o
    0x08001dec   0x00000028   Code   RO         3031    i.HAL_SYSTICK_Config  stm32l4xx_hal_cortex.o
    0x08001e14   0x0000006c   Code   RO         3261    i.HAL_UART_Init     stm32l4xx_hal_uart.o
    0x08001e80   0x0000008c   Code   RO          601    i.HAL_UART_MspInit  stm32l4xx_hal_msp.o
    0x08001f0c   0x00000002   Code   RO          509    i.HardFault_Handler  stm32l4xx_it.o
    0x08001f0e   0x0000000c   Code   RO         1347    i.LL_ADC_GetOffsetChannel  stm32l4xx_hal_adc.o
    0x08001f1a   0x00000008   Code   RO         1348    i.LL_ADC_INJ_IsConversionOngoing  stm32l4xx_hal_adc.o
    0x08001f22   0x00000008   Code   RO         1349    i.LL_ADC_IsEnabled  stm32l4xx_hal_adc.o
    0x08001f2a   0x00000008   Code   RO         1350    i.LL_ADC_REG_IsConversionOngoing  stm32l4xx_hal_adc.o
    0x08001f32   0x0000001e   Code   RO         1353    i.LL_ADC_SetChannelSamplingTime  stm32l4xx_hal_adc.o
    0x08001f50   0x00000010   Code   RO         1354    i.LL_ADC_SetOffsetState  stm32l4xx_hal_adc.o
    0x08001f60   0x00000048   Code   RO          510    i.LPUART1_IRQHandler  stm32l4xx_it.o
    0x08001fa8   0x0000007c   Code   RO          352    i.MX_ADC1_Init      main.o
    0x08002024   0x0000002c   Code   RO          353    i.MX_DMA_Init       main.o
    0x08002050   0x000000dc   Code   RO          354    i.MX_GPIO_Init      main.o
    0x0800212c   0x00000038   Code   RO          355    i.MX_LPUART1_UART_Init  main.o
    0x08002164   0x00000002   Code   RO          511    i.MemManage_Handler  stm32l4xx_it.o
    0x08002166   0x00000002   Code   RO          512    i.NMI_Handler       stm32l4xx_it.o
    0x08002168   0x00000002   Code   RO          513    i.PendSV_Handler    stm32l4xx_it.o
    0x0800216a   0x0000003a   Code   RO          737    i.PushData_CircularQueue  circularqueue.o
    0x080021a4   0x00000140   Code   RO         2102    i.RCCEx_PLLSAI1_Config  stm32l4xx_hal_rcc_ex.o
    0x080022e4   0x00000084   Code   RO         1983    i.RCC_SetFlashLatencyFromMSIRange  stm32l4xx_hal_rcc.o
    0x08002368   0x00000002   Code   RO          514    i.SVC_Handler       stm32l4xx_it.o
    0x0800236a   0x00000002   PAD
    0x0800236c   0x0000003c   Code   RO          515    i.SysTick_Handler   stm32l4xx_it.o
    0x080023a8   0x0000006e   Code   RO          356    i.SystemClock_Config  main.o
    0x08002416   0x00000002   PAD
    0x08002418   0x00000010   Code   RO         3725    i.SystemInit        system_stm32l4xx.o
    0x08002428   0x000000c8   Code   RO         3275    i.UART_AdvFeatureConfig  stm32l4xx_hal_uart.o
    0x080024f0   0x000000aa   Code   RO         3276    i.UART_CheckIdleState  stm32l4xx_hal_uart.o
    0x0800259a   0x0000004c   Code   RO         3287    i.UART_EndRxTransfer  stm32l4xx_hal_uart.o
    0x080025e6   0x00000002   PAD
    0x080025e8   0x00000250   Code   RO         3292    i.UART_SetConfig    stm32l4xx_hal_uart.o
    0x08002838   0x00000098   Code   RO         3297    i.UART_WaitOnFlagUntilTimeout  stm32l4xx_hal_uart.o
    0x080028d0   0x00000002   Code   RO          516    i.UsageFault_Handler  stm32l4xx_it.o
    0x080028d2   0x00000020   Code   RO         3033    i.__NVIC_SetPriority  stm32l4xx_hal_cortex.o
    0x080028f2   0x0000000e   Code   RO         3809    i.__scatterload_copy  mc_w.l(handlers.o)
    0x08002900   0x00000002   Code   RO         3810    i.__scatterload_null  mc_w.l(handlers.o)
    0x08002902   0x0000000e   Code   RO         3811    i.__scatterload_zeroinit  mc_w.l(handlers.o)
    0x08002910   0x00000048   Code   RO           15    i.ds3232_check_rtc_status  ds3232.o
    0x08002958   0x00000004   Code   RO           16    i.ds3232_probe      ds3232.o
    0x0800295c   0x00000088   Code   RO           17    i.ds3232_read_regs  ds3232.o
    0x080029e4   0x0000006a   Code   RO           21    i.ds3232_write_regs  ds3232.o
    0x08002a4e   0x00000002   PAD
    0x08002a50   0x00000054   Code   RO          683    i.erase_flash       interflash.o
    0x08002aa4   0x0000003a   Code   RO          684    i.flash_write_bytes  interflash.o
    0x08002ade   0x00000034   Code   RO          219    i.i2c_ack           gpio_i2c.o
    0x08002b12   0x0000000a   Code   RO          220    i.i2c_delay         gpio_i2c.o
    0x08002b1c   0x0000000c   Code   RO           24    i.i2c_ds3232_read   ds3232.o
    0x08002b28   0x0000000c   Code   RO           25    i.i2c_ds3232_write  ds3232.o
    0x08002b34   0x00000108   Code   RO          223    i.i2c_init          gpio_i2c.o
    0x08002c3c   0x0000002c   Code   RO          224    i.i2c_nack          gpio_i2c.o
    0x08002c68   0x0000003c   Code   RO          226    i.i2c_readbyte      gpio_i2c.o
    0x08002ca4   0x00000070   Code   RO          229    i.i2c_scl_set       gpio_i2c.o
    0x08002d14   0x00000038   Code   RO          232    i.i2c_sda_read      gpio_i2c.o
    0x08002d4c   0x00000070   Code   RO          233    i.i2c_sda_set       gpio_i2c.o
    0x08002dbc   0x00000054   Code   RO          234    i.i2c_sendbyte      gpio_i2c.o
    0x08002e10   0x00000034   Code   RO          235    i.i2c_start         gpio_i2c.o
    0x08002e44   0x00000028   Code   RO          236    i.i2c_stop          gpio_i2c.o
    0x08002e6c   0x0000003a   Code   RO          237    i.i2c_waitack       gpio_i2c.o
    0x08002ea6   0x00000002   PAD
    0x08002ea8   0x00000030   Code   RO         1229    i.interflash_test   interflash_test.o
    0x08002ed8   0x00000090   Code   RO          357    i.main              main.o
    0x08002f68   0x00000040   Data   RO         3726    .constdata          system_stm32l4xx.o
    0x08002fa8   0x00000008   Data   RO         3727    .constdata          system_stm32l4xx.o
    0x08002fb0   0x00000020   Data   RO         3807    Region$$Table       anon$$obj.o


    Execution Region RW_IRAM2 (Base: 0x10000000, Size: 0x00000000, Max: 0x00004000, ABSOLUTE)

    **** No section assigned to this execution region ****


    Execution Region RW_IRAM1 (Base: 0x20000000, Size: 0x00002608, Max: 0x0000c000, ABSOLUTE, COMPRESSED[0x0000001c])

    Base Addr    Size         Type   Attr      Idx    E Section Name        Object

    0x20000000   0x0000000c   Data   RW          363    .data               main.o
    0x2000000c   0x00000001   Data   RW         1231    .data               interflash_test.o
    0x2000000d   0x00000003   PAD
    0x20000010   0x00000408   Data   RW         1232    .data               interflash_test.o
    0x20000418   0x0000000c   Data   RW         1770    .data               stm32l4xx_hal.o
    0x20000424   0x00000020   Data   RW         2268    .data               stm32l4xx_hal_flash.o
    0x20000444   0x00000004   Data   RW         3728    .data               system_stm32l4xx.o
    0x20000448   0x00000120   Zero   RW          358    .bss                main.o
    0x20000568   0x00000048   Zero   RW          361    .bss                main.o
    0x200005b0   0x00001042   Zero   RW          794    .bss                uart_prot.o
    0x200015f2   0x00000002   PAD
    0x200015f4   0x00000014   Zero   RW         1230    .bss                interflash_test.o
    0x20001608   0x00001000   Zero   RW            1    STACK               startup_stm32l431xx.o


==============================================================================

Image component sizes


      Code (inc. data)   RO Data    RW Data    ZI Data      Debug   Object Name

        92         10          0          0          0       1185   bsp_hwdg.o
        58          0          0          0          0       1705   circularqueue.o
       342          0          0          0          0     672793   ds3232.o
       944         44          0          0          0       8154   gpio_i2c.o
       240         12          0          0          0       3542   interflash.o
        48         14          0       1033         20       1299   interflash_test.o
       702         54          0         12        360      16610   main.o
        36          8        396          0       4096        812   startup_stm32l431xx.o
       134         18          0         12          0      11833   stm32l4xx_hal.o
      1532         70          0          0          0      58447   stm32l4xx_hal_adc.o
       198         14          0          0          0      33791   stm32l4xx_hal_cortex.o
       428         14          0          0          0       2088   stm32l4xx_hal_dma.o
       426         50          0         32          0      22238   stm32l4xx_hal_flash.o
       410         26          0          0          0       3114   stm32l4xx_hal_flash_ex.o
       468         30          0          0          0       3468   stm32l4xx_hal_gpio.o
       384         32          0          0          0       2415   stm32l4xx_hal_msp.o
        28          4          0          0          0        574   stm32l4xx_hal_pwr.o
       124         18          0          0          0       1314   stm32l4xx_hal_pwr_ex.o
      2220        102          0          0          0       8216   stm32l4xx_hal_rcc.o
      1010         26          0          0          0       3032   stm32l4xx_hal_rcc_ex.o
      1298         52          0          0          0       6013   stm32l4xx_hal_uart.o
       160         22          0          0          0       5034   stm32l4xx_it.o
        16          4         72          4          0       1113   system_stm32l4xx.o
         0          0          0          0       4162       6200   uart_prot.o

    ----------------------------------------------------------------------
     11326        624        500       1096       8640     874990   Object Totals
         0          0         32          0          0          0   (incl. Generated)
        28          0          0          3          2          0   (incl. Padding)

    ----------------------------------------------------------------------

      Code (inc. data)   RO Data    RW Data    ZI Data      Debug   Library Member Name

        86          0          0          0          0          0   __dczerorl2.o
         0          0          0          0          0          0   entry.o
         0          0          0          0          0          0   entry10a.o
         0          0          0          0          0          0   entry11a.o
         8          4          0          0          0          0   entry2.o
         4          0          0          0          0          0   entry5.o
         0          0          0          0          0          0   entry7b.o
         0          0          0          0          0          0   entry8b.o
         8          4          0          0          0          0   entry9a.o
        30          0          0          0          0          0   handlers.o
        36          8          0          0          0         68   init.o
        30          0          0          0          0         68   llshl.o
        32          0          0          0          0         68   llushr.o
        36          0          0          0          0         68   memcpya.o
        36          0          0          0          0        108   memseta.o
       104          0          0          0          0         92   uldiv.o

    ----------------------------------------------------------------------
       414         16          0          0          0        472   Library Totals
         4          0          0          0          0          0   (incl. Padding)

    ----------------------------------------------------------------------

      Code (inc. data)   RO Data    RW Data    ZI Data      Debug   Library Name

       410         16          0          0          0        472   mc_w.l

    ----------------------------------------------------------------------
       414         16          0          0          0        472   Library Totals

    ----------------------------------------------------------------------

==============================================================================


      Code (inc. data)   RO Data    RW Data    ZI Data      Debug   

     11740        640        500       1096       8640     866290   Grand Totals
     11740        640        500         28       8640     866290   ELF Image Totals (compressed)
     11740        640        500         28          0          0   ROM Totals

==============================================================================

    Total RO  Size (Code + RO Data)                12240 (  11.95kB)
    Total RW  Size (RW Data + ZI Data)              9736 (   9.51kB)
    Total ROM Size (Code + RO Data + RW Data)      12268 (  11.98kB)

==============================================================================

